
 Start  Stop   Length Name               Class

 00000H 08068H 08069H _TEXT              CODE
 08069H 08694H 0062CH TETSTART_TEXT      CODE
 08695H 08B58H 004C4H BMPVIEW_TEXT       CODE
 08B59H 08F11H 003B9H FONTEDIT_TEXT      CODE
 08F12H 0968CH 0077BH TET_SETT_TEXT      CODE
 0968DH 09B36H 004AAH FIGURE_TEXT        CODE
 09B37H 09EC1H 0038BH GRAPH_TEXT         CODE
 09EC2H 0A540H 0067FH GLASS_TEXT         CODE
 0A541H 0A762H 00222H SETTINGS_TEXT      CODE
 0A763H 0B04BH 008E9H RECTABLE_TEXT      CODE
 0B04CH 0B5E5H 0059AH KEYBOARD_TEXT      CODE
 0B5E6H 0D780H 0219BH SCREEN_TEXT        CODE
 0D781H 0DE7FH 006FFH DEBUG_TEXT         CODE
 0DE80H 0E08AH 0020BH MOUSE_TEXT         CODE
 0E08BH 0E457H 003CDH TIMER_TEXT         CODE
 0E458H 0FCAEH 01857H MOVEOBJ_TEXT       CODE
 0FCAFH 100ADH 003FFH RECTS_TEXT         CODE
 100AEH 1062CH 0057FH SOUND_TEXT         CODE
 1062DH 110DFH 00AB3H SPRITE_TEXT        CODE
 110E0H 113FAH 0031BH LOADER_TEXT        CODE
 113FBH 1145DH 00063H MEMORY_TEXT        CODE
 1145EH 126B4H 01257H TETRIS1_TEXT       CODE
 126B5H 12F34H 00880H TETRIS3_TEXT       CODE
 12F35H 12FC0H 0008CH TETR_HLP_TEXT      CODE
 12FC1H 15751H 02791H TETRIS_TEXT        CODE
 15760H 15D27H 005C8H E87_PROG           CODE
 15D30H 15D30H 00000H _FARDATA           FAR_DATA
 15D30H 15F10H 001E1H TETSTART_DATA      FAR_DATA
 15F12H 25A3EH 0FB2DH BMPVIEW_DATA       FAR_DATA
 25A40H 25A80H 00041H FONTEDIT_DATA      FAR_DATA
 25A82H 25C1EH 0019DH TET_SETT_DATA      FAR_DATA
 25C20H 25C3FH 00020H FIGURE_DATA        FAR_DATA
 25C40H 25D7FH 00140H GRAPH_DATA         FAR_DATA
 25D80H 25D99H 0001AH GLASS_DATA         FAR_DATA
 25D9AH 25DB3H 0001AH SETTINGS_DATA      FAR_DATA
 25DB4H 25E5EH 000ABH RECTABLE_DATA      FAR_DATA
 25E60H 261C1H 00362H KEYBOARD_DATA      FAR_DATA
 261D0H 261D5H 00006H KEYBOARD5_DATA     FAR_DATA
 261E0H 2639FH 001C0H KEYBOARD6_DATA     FAR_DATA
 263A0H 26D3DH 0099EH SCREEN_DATA        FAR_DATA
 26D40H 26D4AH 0000BH SCREEN5_DATA       FAR_DATA
 26D4CH 26D75H 0002AH DEBUG_DATA         FAR_DATA
 26D76H 26DB5H 00040H MOUSE_DATA         FAR_DATA
 26DB6H 26E44H 0008FH TIMER_DATA         FAR_DATA
 26E50H 26E59H 0000AH TIMER5_DATA        FAR_DATA
 26E5AH 2724DH 003F4H MOVEOBJ_DATA       FAR_DATA
 27250H 27263H 00014H MOVEOBJ5_DATA      FAR_DATA
 27264H 272C3H 00060H RECTS_DATA         FAR_DATA
 272C4H 27446H 00183H SOUND_DATA         FAR_DATA
 27450H 27451H 00002H SOUND5_DATA        FAR_DATA
 27452H 27788H 00337H SPRITE_DATA        FAR_DATA
 27790H 27791H 00002H SPRITE5_DATA       FAR_DATA
 27792H 277AFH 0001EH LOADER_DATA        FAR_DATA
 277B0H 277B0H 00000H MEMORY_DATA        FAR_DATA
 277B0H 27BF4H 00445H TETRIS1_DATA       FAR_DATA
 27BF6H 27D24H 0012FH TETRIS3_DATA       FAR_DATA
 27D26H 27E83H 0015EH TETR_HLP_DATA      FAR_DATA
 27E84H 28735H 008B2H TETRIS_DATA        FAR_DATA
 28736H 28759H 00024H HUGEVAL_DATA       FAR_DATA
 2875AH 2875AH 00000H LDTRUNC_DATA       FAR_DATA
 2875AH 2879CH 00043H MATHWHY_DATA       FAR_DATA
 2879EH 2879EH 00000H REALCVT_DATA       FAR_DATA
 2879EH 287B5H 00018H SCANTOD_DATA       FAR_DATA
 287B6H 287B6H 00000H XCVT_DATA          FAR_DATA
 287B6H 2884FH 0009AH FPERR_DATA         FAR_DATA
 28850H 288CFH 00080H _POW10_DATA        FAR_DATA
 288D0H 288D0H 00000H POW10D_DATA        FAR_DATA
 288D0H 288D0H 00000H MATHERR_DATA       FAR_DATA
 288D0H 288DBH 0000CH SIN_DATA           FAR_DATA
 288DCH 288E9H 0000EH _MATHERR_DATA      FAR_DATA
 288EAH 288F5H 0000CH COS_DATA           FAR_DATA
 28900H 28901H 00002H FSBDTR5_DATA       FAR_DATA
 28910H 28925H 00016H STDTR5_DATA        FAR_DATA
 28930H 28930H 00000H _FARBSS            FAR_BSS
 28930H 28930H 00000H _OVERLAY_          OVRINFO
 28930H 28930H 00000H _1STUB_            STUBSEG
 28930H 28EC1H 00592H _DATA              DATA
 28EC2H 28EC5H 00004H _CVTSEG            DATA
 28EC6H 28ED1H 0000CH _SCNSEG            DATA
 28ED2H 28ED2H 00000H _CONST             CONST
 28ED2H 28F19H 00048H _INIT_             INITDATA
 28F1AH 28F1AH 00000H _INITEND_          INITDATA
 28F1AH 28F3DH 00024H _EXIT_             EXITDATA
 28F3EH 28F3EH 00000H _EXITEND_          EXITDATA
 28F40H 2904FH 00110H _STACK             STACK


Detailed map of segments

 0000:0000 0288 C=CODE   S=_TEXT          G=(none)  M=c0.ASM     ACBP=28
 0000:0288 0270 C=CODE   S=_TEXT          G=(none)  M=..\DIGMID.LIB\DIGPLAY.ASM ACBP=28
 0000:04F8 0626 C=CODE   S=_TEXT          G=(none)  M=..\DIGMID.LIB\DOSCALLS.ASM ACBP=28
 0000:0B1E 01A5 C=CODE   S=_TEXT          G=(none)  M=..\DIGMID.LIB\MIDPAK.ASM ACBP=28
 0000:0CC3 020E C=CODE   S=_TEXT          G=(none)  M=FP87INIT   ACBP=28
 0000:0ED1 0000 C=CODE   S=_TEXT          G=(none)  M=E87TRAP    ACBP=28
 0000:0ED1 0000 C=CODE   S=_TEXT          G=(none)  M=PROTFLAG   ACBP=28
 0000:0ED1 0000 C=CODE   S=_TEXT          G=(none)  M=DEFLT87    ACBP=28
 0000:0ED1 0000 C=CODE   S=_TEXT          G=(none)  M=HUGEVAL    ACBP=28
 0000:0ED1 00A7 C=CODE   S=_TEXT          G=(none)  M=LDTRUNC    ACBP=28
 0000:0F78 0000 C=CODE   S=_TEXT          G=(none)  M=MATHWHY    ACBP=28
 0000:0F78 01D2 C=CODE   S=_TEXT          G=(none)  M=REALCVT    ACBP=28
 0000:114A 03BD C=CODE   S=_TEXT          G=(none)  M=SCANTOD    ACBP=28
 0000:1507 0213 C=CODE   S=_TEXT          G=(none)  M=XCVT       ACBP=28
 0000:171A 00D4 C=CODE   S=_TEXT          G=(none)  M=FPERR      ACBP=28
 0000:17EE 00D5 C=CODE   S=_TEXT          G=(none)  M=_POW10     ACBP=28
 0000:18C3 0012 C=CODE   S=_TEXT          G=(none)  M=POW10D     ACBP=28
 0000:18D5 0031 C=CODE   S=_TEXT          G=(none)  M=MATHERR    ACBP=28
 0000:1906 005F C=CODE   S=_TEXT          G=(none)  M=SIN        ACBP=28
 0000:1965 00C0 C=CODE   S=_TEXT          G=(none)  M=_MATHERR   ACBP=28
 0000:1A25 005F C=CODE   S=_TEXT          G=(none)  M=COS        ACBP=28
 0000:1A84 002C C=CODE   S=_TEXT          G=(none)  M=FFTOL      ACBP=28
 0000:1AB0 0034 C=CODE   S=_TEXT          G=(none)  M=ATEXIT     ACBP=28
 0000:1AE4 0000 C=CODE   S=_TEXT          G=(none)  M=CTYPE      ACBP=28
 0000:1AE4 0019 C=CODE   S=_TEXT          G=(none)  M=DEL        ACBP=28
 0000:1AFD 004B C=CODE   S=_TEXT          G=(none)  M=DOSFATTR   ACBP=28
 0000:1B48 002E C=CODE   S=_TEXT          G=(none)  M=DOSVECT    ACBP=28
 0000:1B76 00D0 C=CODE   S=_TEXT          G=(none)  M=EXIT       ACBP=28
 0000:1C46 0034 C=CODE   S=_TEXT          G=(none)  M=FGETPOS    ACBP=28
 0000:1C7A 0000 C=CODE   S=_TEXT          G=(none)  M=FILES      ACBP=28
 0000:1C7A 0000 C=CODE   S=_TEXT          G=(none)  M=FILES2     ACBP=28
 0000:1C7A 0000 C=CODE   S=_TEXT          G=(none)  M=FMODE      ACBP=28
 0000:1C7A 0000 C=CODE   S=_TEXT          G=(none)  M=FPSTKLEN   ACBP=28
 0000:1C7A 001C C=CODE   S=_TEXT          G=(none)  M=F_SCOPY    ACBP=28
 0000:1C96 0034 C=CODE   S=_TEXT          G=(none)  M=GETDATE    ACBP=28
 0000:1CCA 002E C=CODE   S=_TEXT          G=(none)  M=GETVECT    ACBP=28
 0000:1CF8 00AE C=CODE   S=_TEXT          G=(none)  M=H_LDIV     ACBP=28
 0000:1DA6 0021 C=CODE   S=_TEXT          G=(none)  M=H_LLSH     ACBP=28
 0000:1DC7 0060 C=CODE   S=_TEXT          G=(none)  M=H_PADD     ACBP=28
 0000:1E27 005F C=CODE   S=_TEXT          G=(none)  M=IOERROR    ACBP=28
 0000:1E86 0018 C=CODE   S=_TEXT          G=(none)  M=ISATTY     ACBP=28
 0000:1E9E 00B0 C=CODE   S=_TEXT          G=(none)  M=LONGTOA    ACBP=28
 0000:1F4E 0036 C=CODE   S=_TEXT          G=(none)  M=LSEEK      ACBP=28
 0000:1F84 00C4 C=CODE   S=_TEXT          G=(none)  M=MKNAME     ACBP=28
 0000:2048 007A C=CODE   S=_TEXT          G=(none)  M=NEW        ACBP=28
 0000:20C2 0065 C=CODE   S=_TEXT          G=(none)  M=NEWF       ACBP=28
 0000:2127 0017 C=CODE   S=_TEXT          G=(none)  M=N_LXMUL    ACBP=28
 0000:213E 0021 C=CODE   S=_TEXT          G=(none)  M=N_PCMP     ACBP=28
 0000:215F 0045 C=CODE   S=_TEXT          G=(none)  M=RAND       ACBP=28
 0000:21A4 003C C=CODE   S=_TEXT          G=(none)  M=READA      ACBP=28
 0000:21E0 0038 C=CODE   S=_TEXT          G=(none)  M=SETDATE    ACBP=28
 0000:2218 00FF C=CODE   S=_TEXT          G=(none)  M=SETUPIO    ACBP=28
 0000:2317 0000 C=CODE   S=_TEXT          G=(none)  M=SIGDATA    ACBP=28
 0000:2317 00A6 C=CODE   S=_TEXT          G=(none)  M=STIME      ACBP=28
 0000:23BD 0000 C=CODE   S=_TEXT          G=(none)  M=STKLEN     ACBP=28
 0000:23BD 001F C=CODE   S=_TEXT          G=(none)  M=UNLINK     ACBP=28
 0000:23DC 0284 C=CODE   S=_TEXT          G=(none)  M=VDELF      ACBP=28
 0000:2660 029F C=CODE   S=_TEXT          G=(none)  M=VNEWF      ACBP=28
 0000:28FF 04D0 C=CODE   S=_TEXT          G=(none)  M=VPRINTER   ACBP=28
 0000:2DCF 00C5 C=CODE   S=_TEXT          G=(none)  M=VRAM       ACBP=28
 0000:2E94 0000 C=CODE   S=_TEXT          G=(none)  M=WSCROLL    ACBP=28
 0000:2E94 003B C=CODE   S=_TEXT          G=(none)  M=_STPCPY    ACBP=28
 0000:2ECF 01B5 C=CODE   S=_TEXT          G=(none)  M=CPRINTF    ACBP=28
 0000:3084 01CA C=CODE   S=_TEXT          G=(none)  M=CRTINIT    ACBP=28
 0000:324E 0024 C=CODE   S=_TEXT          G=(none)  M=CVTFAK     ACBP=28
 0000:3272 0432 C=CODE   S=_TEXT          G=(none)  M=FARHEAP    ACBP=28
 0000:36A4 01BF C=CODE   S=_TEXT          G=(none)  M=FBRK       ACBP=28
 0000:3863 00A1 C=CODE   S=_TEXT          G=(none)  M=GETCH      ACBP=28
 0000:3904 00BA C=CODE   S=_TEXT          G=(none)  M=GPTEXT     ACBP=28
 0000:39BE 0030 C=CODE   S=_TEXT          G=(none)  M=IOCTL      ACBP=28
 0000:39EE 0019 C=CODE   S=_TEXT          G=(none)  M=KBHIT      ACBP=28
 0000:3A07 00A4 C=CODE   S=_TEXT          G=(none)  M=MOVETEXT   ACBP=28
 0000:3AAB 001E C=CODE   S=_TEXT          G=(none)  M=PUTCH      ACBP=28
 0000:3AC9 000A C=CODE   S=_TEXT          G=(none)  M=REALCVT    ACBP=28
 0000:3AD3 021E C=CODE   S=_TEXT          G=(none)  M=SCREEN     ACBP=28
 0000:3CF1 01B4 C=CODE   S=_TEXT          G=(none)  M=SCROLL     ACBP=28
 0000:3EA5 0023 C=CODE   S=_TEXT          G=(none)  M=SETBLOCK   ACBP=28
 0000:3EC8 0058 C=CODE   S=_TEXT          G=(none)  M=SETENVP    ACBP=28
 0000:3F20 0024 C=CODE   S=_TEXT          G=(none)  M=STACK      ACBP=28
 0000:3F44 004D C=CODE   S=_TEXT          G=(none)  M=WHEREXY    ACBP=28
 0000:3F91 0099 C=CODE   S=_TEXT          G=(none)  M=ATOL       ACBP=28
 0000:402A 0024 C=CODE   S=_TEXT          G=(none)  M=CHMODA     ACBP=28
 0000:404E 003B C=CODE   S=_TEXT          G=(none)  M=CLOSE      ACBP=28
 0000:4089 002B C=CODE   S=_TEXT          G=(none)  M=CLOSEA     ACBP=28
 0000:40B4 0089 C=CODE   S=_TEXT          G=(none)  M=EOF        ACBP=28
 0000:413D 00BF C=CODE   S=_TEXT          G=(none)  M=FCLOSE     ACBP=28
 0000:41FC 00D4 C=CODE   S=_TEXT          G=(none)  M=FFLUSH     ACBP=28
 0000:42D0 0051 C=CODE   S=_TEXT          G=(none)  M=FLUSHALL   ACBP=28
 0000:4321 023E C=CODE   S=_TEXT          G=(none)  M=FOPEN      ACBP=28
 0000:455F 0023 C=CODE   S=_TEXT          G=(none)  M=FPRINTF    ACBP=28
 0000:4582 0190 C=CODE   S=_TEXT          G=(none)  M=FREAD      ACBP=28
 0000:4712 01FD C=CODE   S=_TEXT          G=(none)  M=FSEEK      ACBP=28
 0000:490F 01F0 C=CODE   S=_TEXT          G=(none)  M=GETC       ACBP=28
 0000:4AFF 007C C=CODE   S=_TEXT          G=(none)  M=GETENV     ACBP=28
 0000:4B7B 0027 C=CODE   S=_TEXT          G=(none)  M=MEMCPY     ACBP=28
 0000:4BA2 0051 C=CODE   S=_TEXT          G=(none)  M=MEMSET     ACBP=28
 0000:4BF3 01CC C=CODE   S=_TEXT          G=(none)  M=OPEN       ACBP=28
 0000:4DBF 005C C=CODE   S=_TEXT          G=(none)  M=OPENA      ACBP=28
 0000:4E1B 03F9 C=CODE   S=_TEXT          G=(none)  M=PUTC       ACBP=28
 0000:5214 00EF C=CODE   S=_TEXT          G=(none)  M=READ       ACBP=28
 0000:5303 0003 C=CODE   S=_TEXT          G=(none)  M=READU      ACBP=28
 0000:5306 012B C=CODE   S=_TEXT          G=(none)  M=SETVBUF    ACBP=28
 0000:5431 0098 C=CODE   S=_TEXT          G=(none)  M=SPRINTF    ACBP=28
 0000:54C9 0044 C=CODE   S=_TEXT          G=(none)  M=STRCAT     ACBP=28
 0000:550D 002E C=CODE   S=_TEXT          G=(none)  M=STRCPY     ACBP=28
 0000:553B 0026 C=CODE   S=_TEXT          G=(none)  M=STRLEN     ACBP=28
 0000:5561 0036 C=CODE   S=_TEXT          G=(none)  M=STRNCPY    ACBP=28
 0000:5597 0359 C=CODE   S=_TEXT          G=(none)  M=TIMECVT    ACBP=28
 0000:58F0 0306 C=CODE   S=_TEXT          G=(none)  M=TZSET      ACBP=28
 0000:5BF6 0170 C=CODE   S=_TEXT          G=(none)  M=WRITE      ACBP=28
 0000:5D66 004F C=CODE   S=_TEXT          G=(none)  M=WRITEA     ACBP=28
 0000:5DB5 0003 C=CODE   S=_TEXT          G=(none)  M=WRITEU     ACBP=28
 0000:5DB8 0048 C=CODE   S=_TEXT          G=(none)  M=XFCLOSE    ACBP=28
 0000:5E00 0041 C=CODE   S=_TEXT          G=(none)  M=XFFLUSH    ACBP=28
 0000:5E41 0027 C=CODE   S=_TEXT          G=(none)  M=FMEMCPY    ACBP=28
 0000:5E68 0033 C=CODE   S=_TEXT          G=(none)  M=FSTRCMP    ACBP=28
 0000:5E9B 00AE C=CODE   S=_TEXT          G=(none)  M=FSBCLOSE   ACBP=28
 0000:5F49 0118 C=CODE   S=_TEXT          G=(none)  M=FSBCTR1    ACBP=28
 0000:6061 00A2 C=CODE   S=_TEXT          G=(none)  M=FSBDTR     ACBP=28
 0000:6103 015A C=CODE   S=_TEXT          G=(none)  M=FSBOFLOW   ACBP=28
 0000:625D 0168 C=CODE   S=_TEXT          G=(none)  M=FSBOPEN    ACBP=28
 0000:63C5 00C3 C=CODE   S=_TEXT          G=(none)  M=FSBSBUF    ACBP=28
 0000:6488 01BC C=CODE   S=_TEXT          G=(none)  M=FSBSKOFF   ACBP=28
 0000:6644 01A1 C=CODE   S=_TEXT          G=(none)  M=FSBSYNC    ACBP=28
 0000:67E5 01BE C=CODE   S=_TEXT          G=(none)  M=FSBUFLOW   ACBP=28
 0000:69A3 0045 C=CODE   S=_TEXT          G=(none)  M=FSCLOSE    ACBP=28
 0000:69E8 00AF C=CODE   S=_TEXT          G=(none)  M=FSCTR1     ACBP=28
 0000:6A97 00CC C=CODE   S=_TEXT          G=(none)  M=FSCTR2     ACBP=28
 0000:6B63 008E C=CODE   S=_TEXT          G=(none)  M=FSDTR      ACBP=28
 0000:6BF1 006D C=CODE   S=_TEXT          G=(none)  M=FSOPEN     ACBP=28
 0000:6C5E 00D3 C=CODE   S=_TEXT          G=(none)  M=IFSCTR1    ACBP=28
 0000:6D31 01A8 C=CODE   S=_TEXT          G=(none)  M=IFSCTR2    ACBP=28
 0000:6ED9 00BA C=CODE   S=_TEXT          G=(none)  M=IFSDTR     ACBP=28
 0000:6F93 008E C=CODE   S=_TEXT          G=(none)  M=ISTCTR1    ACBP=28
 0000:7021 00C2 C=CODE   S=_TEXT          G=(none)  M=ISTDIPFX   ACBP=28
 0000:70E3 0078 C=CODE   S=_TEXT          G=(none)  M=ISTDTR1    ACBP=28
 0000:715B 00DD C=CODE   S=_TEXT          G=(none)  M=ISTEATWH   ACBP=28
 0000:7238 0140 C=CODE   S=_TEXT          G=(none)  M=ISTGLINE   ACBP=28
 0000:7378 0113 C=CODE   S=_TEXT          G=(none)  M=ISTREAD    ACBP=28
 0000:748B 0060 C=CODE   S=_TEXT          G=(none)  M=ISTSKOFF   ACBP=28
 0000:74EB 005D C=CODE   S=_TEXT          G=(none)  M=ISTSKPOS   ACBP=28
 0000:7548 0073 C=CODE   S=_TEXT          G=(none)  M=ISTTELLG   ACBP=28
 0000:75BB 00D3 C=CODE   S=_TEXT          G=(none)  M=OFSCTR1    ACBP=28
 0000:768E 00BA C=CODE   S=_TEXT          G=(none)  M=OFSDTR     ACBP=28
 0000:7748 0085 C=CODE   S=_TEXT          G=(none)  M=OSTCTR1    ACBP=28
 0000:77CD 0085 C=CODE   S=_TEXT          G=(none)  M=OSTDTR1    ACBP=28
 0000:7852 0045 C=CODE   S=_TEXT          G=(none)  M=OSTFLUSH   ACBP=28
 0000:7897 0053 C=CODE   S=_TEXT          G=(none)  M=OSTWRITE   ACBP=28
 0000:78EA 0051 C=CODE   S=_TEXT          G=(none)  M=STBALC     ACBP=28
 0000:793B 00D4 C=CODE   S=_TEXT          G=(none)  M=STBCTR1    ACBP=28
 0000:7A0F 00B7 C=CODE   S=_TEXT          G=(none)  M=STBDSGTN   ACBP=28
 0000:7AC6 00A9 C=CODE   S=_TEXT          G=(none)  M=STBDSPTN   ACBP=28
 0000:7B6F 007C C=CODE   S=_TEXT          G=(none)  M=STBDTR     ACBP=28
 0000:7BEB 000F C=CODE   S=_TEXT          G=(none)  M=STBOFLOW   ACBP=28
 0000:7BFA 000F C=CODE   S=_TEXT          G=(none)  M=STBPBFL    ACBP=28
 0000:7C09 0033 C=CODE   S=_TEXT          G=(none)  M=STBSBUF    ACBP=28
 0000:7C3C 00B6 C=CODE   S=_TEXT          G=(none)  M=STBSETB    ACBP=28
 0000:7CF2 0071 C=CODE   S=_TEXT          G=(none)  M=STBSETG    ACBP=28
 0000:7D63 0053 C=CODE   S=_TEXT          G=(none)  M=STBSETP    ACBP=28
 0000:7DB6 0012 C=CODE   S=_TEXT          G=(none)  M=STBSKOFF   ACBP=28
 0000:7DC8 002B C=CODE   S=_TEXT          G=(none)  M=STBSKPOS   ACBP=28
 0000:7DF3 007D C=CODE   S=_TEXT          G=(none)  M=STBSPUTN   ACBP=28
 0000:7E70 0053 C=CODE   S=_TEXT          G=(none)  M=STBSYNC    ACBP=28
 0000:7EC3 003A C=CODE   S=_TEXT          G=(none)  M=STBUFLOW   ACBP=28
 0000:7EFD 0041 C=CODE   S=_TEXT          G=(none)  M=STCLEAR    ACBP=28
 0000:7F3E 004C C=CODE   S=_TEXT          G=(none)  M=STCTR1     ACBP=28
 0000:7F8A 0057 C=CODE   S=_TEXT          G=(none)  M=STDTR      ACBP=28
 0000:7FE1 005B C=CODE   S=_TEXT          G=(none)  M=STINIT     ACBP=28
 0000:803C 002D C=CODE   S=_TEXT          G=(none)  M=STSETST    ACBP=28
 0806:0009 062C C=CODE   S=TETSTART_TEXT  G=(none)  M=TETSTART.CPP ACBP=28
 0869:0005 04C4 C=CODE   S=BMPVIEW_TEXT   G=(none)  M=BMPVIEW.CPP ACBP=28
 08B5:0009 03B9 C=CODE   S=FONTEDIT_TEXT  G=(none)  M=FONTEDIT.CPP ACBP=28
 08F1:0002 077B C=CODE   S=TET_SETT_TEXT  G=(none)  M=TET_SETT.CPP ACBP=28
 0968:000D 04AA C=CODE   S=FIGURE_TEXT    G=(none)  M=FIGURE.CPP ACBP=28
 09B3:0007 038B C=CODE   S=GRAPH_TEXT     G=(none)  M=GRAPH.CPP  ACBP=28
 09EC:0002 067F C=CODE   S=GLASS_TEXT     G=(none)  M=GLASS.CPP  ACBP=28
 0A54:0001 0222 C=CODE   S=SETTINGS_TEXT  G=(none)  M=SETTINGS.CPP ACBP=28
 0A76:0003 08E9 C=CODE   S=RECTABLE_TEXT  G=(none)  M=RECTABLE.CPP ACBP=28
 0B04:000C 059A C=CODE   S=KEYBOARD_TEXT  G=(none)  M=..\MY.LIB\KEYBOARD.CPP ACBP=28
 0B5E:0006 219B C=CODE   S=SCREEN_TEXT    G=(none)  M=..\MY.LIB\SCREEN.CPP ACBP=28
 0D78:0001 06FF C=CODE   S=DEBUG_TEXT     G=(none)  M=..\MY.LIB\DEBUG.CPP ACBP=28
 0DE8:0000 020B C=CODE   S=MOUSE_TEXT     G=(none)  M=..\MY.LIB\MOUSE.CPP ACBP=28
 0E08:000B 03CD C=CODE   S=TIMER_TEXT     G=(none)  M=..\MY.LIB\TIMER.CPP ACBP=28
 0E45:0008 1857 C=CODE   S=MOVEOBJ_TEXT   G=(none)  M=..\MY.LIB\MOVEOBJ.CPP ACBP=28
 0FCA:000F 03FF C=CODE   S=RECTS_TEXT     G=(none)  M=..\MY.LIB\RECTS.CPP ACBP=28
 100A:000E 057F C=CODE   S=SOUND_TEXT     G=(none)  M=..\MY.LIB\SOUND.CPP ACBP=28
 1062:000D 0AB3 C=CODE   S=SPRITE_TEXT    G=(none)  M=..\MY.LIB\SPRITE.CPP ACBP=28
 110E:0000 031B C=CODE   S=LOADER_TEXT    G=(none)  M=..\DIGMID.LIB\LOADER.C ACBP=28
 113F:000B 0063 C=CODE   S=MEMORY_TEXT    G=(none)  M=..\DIGMID.LIB\MEMORY.C ACBP=28
 1145:000E 1257 C=CODE   S=TETRIS1_TEXT   G=(none)  M=TETRIS1.CPP ACBP=28
 126B:0005 0880 C=CODE   S=TETRIS3_TEXT   G=(none)  M=TETRIS3.CPP ACBP=28
 12F3:0005 008C C=CODE   S=TETR_HLP_TEXT  G=(none)  M=TETR_HLP.CPP ACBP=28
 12FC:0001 2791 C=CODE   S=TETRIS_TEXT    G=(none)  M=TETRIS.CPP ACBP=28
 1576:0000 0000 C=CODE   S=E87_PROG       G=(none)  M=FP87INIT   ACBP=68
 1576:0000 03E3 C=CODE   S=E87_PROG       G=(none)  M=EMU087     ACBP=68
 1576:03F0 01D8 C=CODE   S=E87_PROG       G=(none)  M=E87TRAP    ACBP=68
 15D3:0000 0000 C=FAR_DATA S=_FARDATA       G=(none)  M=c0.ASM     ACBP=68
 15D3:0000 01E1 C=FAR_DATA S=TETSTART_DATA  G=(none)  M=TETSTART.CPP ACBP=48
 15F1:0002 FB2D C=FAR_DATA S=BMPVIEW_DATA   G=(none)  M=BMPVIEW.CPP ACBP=48
 25A4:0000 0041 C=FAR_DATA S=FONTEDIT_DATA  G=(none)  M=FONTEDIT.CPP ACBP=48
 25A8:0002 019D C=FAR_DATA S=TET_SETT_DATA  G=(none)  M=TET_SETT.CPP ACBP=48
 25C2:0000 0020 C=FAR_DATA S=FIGURE_DATA    G=(none)  M=FIGURE.CPP ACBP=48
 25C4:0000 0140 C=FAR_DATA S=GRAPH_DATA     G=(none)  M=GRAPH.CPP  ACBP=48
 25D8:0000 001A C=FAR_DATA S=GLASS_DATA     G=(none)  M=GLASS.CPP  ACBP=48
 25D9:000A 001A C=FAR_DATA S=SETTINGS_DATA  G=(none)  M=SETTINGS.CPP ACBP=48
 25DB:0004 00AB C=FAR_DATA S=RECTABLE_DATA  G=(none)  M=RECTABLE.CPP ACBP=48
 25E6:0000 0362 C=FAR_DATA S=KEYBOARD_DATA  G=(none)  M=..\MY.LIB\KEYBOARD.CPP ACBP=48
 261D:0000 0006 C=FAR_DATA S=KEYBOARD5_DATA G=(none)  M=..\MY.LIB\KEYBOARD.CPP ACBP=68
 261E:0000 01C0 C=FAR_DATA S=KEYBOARD6_DATA G=(none)  M=..\MY.LIB\KEYBOARD.CPP ACBP=68
 263A:0000 099E C=FAR_DATA S=SCREEN_DATA    G=(none)  M=..\MY.LIB\SCREEN.CPP ACBP=48
 26D4:0000 000B C=FAR_DATA S=SCREEN5_DATA   G=(none)  M=..\MY.LIB\SCREEN.CPP ACBP=68
 26D4:000C 002A C=FAR_DATA S=DEBUG_DATA     G=(none)  M=..\MY.LIB\DEBUG.CPP ACBP=48
 26D7:0006 0040 C=FAR_DATA S=MOUSE_DATA     G=(none)  M=..\MY.LIB\MOUSE.CPP ACBP=48
 26DB:0006 008F C=FAR_DATA S=TIMER_DATA     G=(none)  M=..\MY.LIB\TIMER.CPP ACBP=48
 26E5:0000 000A C=FAR_DATA S=TIMER5_DATA    G=(none)  M=..\MY.LIB\TIMER.CPP ACBP=68
 26E5:000A 03F4 C=FAR_DATA S=MOVEOBJ_DATA   G=(none)  M=..\MY.LIB\MOVEOBJ.CPP ACBP=48
 2725:0000 0014 C=FAR_DATA S=MOVEOBJ5_DATA  G=(none)  M=..\MY.LIB\MOVEOBJ.CPP ACBP=68
 2726:0004 0060 C=FAR_DATA S=RECTS_DATA     G=(none)  M=..\MY.LIB\RECTS.CPP ACBP=48
 272C:0004 0183 C=FAR_DATA S=SOUND_DATA     G=(none)  M=..\MY.LIB\SOUND.CPP ACBP=48
 2745:0000 0002 C=FAR_DATA S=SOUND5_DATA    G=(none)  M=..\MY.LIB\SOUND.CPP ACBP=68
 2745:0002 0337 C=FAR_DATA S=SPRITE_DATA    G=(none)  M=..\MY.LIB\SPRITE.CPP ACBP=48
 2779:0000 0002 C=FAR_DATA S=SPRITE5_DATA   G=(none)  M=..\MY.LIB\SPRITE.CPP ACBP=68
 2779:0002 001E C=FAR_DATA S=LOADER_DATA    G=(none)  M=..\DIGMID.LIB\LOADER.C ACBP=48
 277B:0000 0000 C=FAR_DATA S=MEMORY_DATA    G=(none)  M=..\DIGMID.LIB\MEMORY.C ACBP=48
 277B:0000 0445 C=FAR_DATA S=TETRIS1_DATA   G=(none)  M=TETRIS1.CPP ACBP=48
 27BF:0006 012F C=FAR_DATA S=TETRIS3_DATA   G=(none)  M=TETRIS3.CPP ACBP=48
 27D2:0006 015E C=FAR_DATA S=TETR_HLP_DATA  G=(none)  M=TETR_HLP.CPP ACBP=48
 27E8:0004 08B2 C=FAR_DATA S=TETRIS_DATA    G=(none)  M=TETRIS.CPP ACBP=48
 2873:0006 0024 C=FAR_DATA S=HUGEVAL_DATA   G=(none)  M=HUGEVAL    ACBP=48
 2875:000A 0000 C=FAR_DATA S=LDTRUNC_DATA   G=(none)  M=LDTRUNC    ACBP=48
 2875:000A 0043 C=FAR_DATA S=MATHWHY_DATA   G=(none)  M=MATHWHY    ACBP=48
 2879:000E 0000 C=FAR_DATA S=REALCVT_DATA   G=(none)  M=REALCVT    ACBP=48
 2879:000E 0018 C=FAR_DATA S=SCANTOD_DATA   G=(none)  M=SCANTOD    ACBP=48
 287B:0006 0000 C=FAR_DATA S=XCVT_DATA      G=(none)  M=XCVT       ACBP=48
 287B:0006 009A C=FAR_DATA S=FPERR_DATA     G=(none)  M=FPERR      ACBP=48
 2885:0000 0080 C=FAR_DATA S=_POW10_DATA    G=(none)  M=_POW10     ACBP=48
 288D:0000 0000 C=FAR_DATA S=POW10D_DATA    G=(none)  M=POW10D     ACBP=48
 288D:0000 0000 C=FAR_DATA S=MATHERR_DATA   G=(none)  M=MATHERR    ACBP=48
 288D:0000 000C C=FAR_DATA S=SIN_DATA       G=(none)  M=SIN        ACBP=48
 288D:000C 000E C=FAR_DATA S=_MATHERR_DATA  G=(none)  M=_MATHERR   ACBP=48
 288E:000A 000C C=FAR_DATA S=COS_DATA       G=(none)  M=COS        ACBP=48
 2890:0000 0002 C=FAR_DATA S=FSBDTR5_DATA   G=(none)  M=FSBDTR     ACBP=68
 2891:0000 0016 C=FAR_DATA S=STDTR5_DATA    G=(none)  M=STDTR      ACBP=68
 2893:0000 0000 C=FAR_BSS S=_FARBSS        G=(none)  M=c0.ASM     ACBP=68
 2893:0000 0000 C=OVRINFO S=_OVERLAY_      G=(none)  M=c0.ASM     ACBP=68
 2893:0000 0000 C=STUBSEG S=_1STUB_        G=(none)  M=c0.ASM     ACBP=68
 2893:0000 0091 C=DATA   S=_DATA          G=DGROUP  M=c0.ASM     ACBP=68
 2893:00A0 0002 C=DATA   S=_DATA          G=DGROUP  M=FP87INIT   ACBP=68
 2893:00B0 0000 C=DATA   S=_DATA          G=DGROUP  M=E87TRAP    ACBP=68
 2893:00B0 0003 C=DATA   S=_DATA          G=DGROUP  M=PROTFLAG   ACBP=48
 2893:00B4 0002 C=DATA   S=_DATA          G=DGROUP  M=DEFLT87    ACBP=48
 2893:00B6 0000 C=DATA   S=_DATA          G=DGROUP  M=FFTOL      ACBP=48
 2893:00B6 0082 C=DATA   S=_DATA          G=DGROUP  M=ATEXIT     ACBP=48
 2893:0138 0101 C=DATA   S=_DATA          G=DGROUP  M=CTYPE      ACBP=48
 2893:023A 0000 C=DATA   S=_DATA          G=DGROUP  M=DEL        ACBP=48
 2893:023A 0000 C=DATA   S=_DATA          G=DGROUP  M=DOSFATTR   ACBP=48
 2893:023A 0000 C=DATA   S=_DATA          G=DGROUP  M=DOSVECT    ACBP=48
 2893:023A 000C C=DATA   S=_DATA          G=DGROUP  M=EXIT       ACBP=48
 2893:0246 0000 C=DATA   S=_DATA          G=DGROUP  M=FGETPOS    ACBP=48
 2893:0246 0190 C=DATA   S=_DATA          G=DGROUP  M=FILES      ACBP=48
 2893:03D6 002A C=DATA   S=_DATA          G=DGROUP  M=FILES2     ACBP=48
 2893:0400 0004 C=DATA   S=_DATA          G=DGROUP  M=FMODE      ACBP=48
 2893:0404 0002 C=DATA   S=_DATA          G=DGROUP  M=FPSTKLEN   ACBP=48
 2893:0406 0000 C=DATA   S=_DATA          G=DGROUP  M=F_SCOPY    ACBP=48
 2893:0406 0000 C=DATA   S=_DATA          G=DGROUP  M=GETDATE    ACBP=48
 2893:0406 0000 C=DATA   S=_DATA          G=DGROUP  M=GETVECT    ACBP=48
 2893:0406 0000 C=DATA   S=_DATA          G=DGROUP  M=H_LDIV     ACBP=48
 2893:0406 0000 C=DATA   S=_DATA          G=DGROUP  M=H_LLSH     ACBP=48
 2893:0406 0000 C=DATA   S=_DATA          G=DGROUP  M=H_PADD     ACBP=48
 2893:0406 005B C=DATA   S=_DATA          G=DGROUP  M=IOERROR    ACBP=48
 2893:0462 0000 C=DATA   S=_DATA          G=DGROUP  M=ISATTY     ACBP=48
 2893:0462 0000 C=DATA   S=_DATA          G=DGROUP  M=LONGTOA    ACBP=48
 2893:0462 0000 C=DATA   S=_DATA          G=DGROUP  M=LSEEK      ACBP=48
 2893:0462 0016 C=DATA   S=_DATA          G=DGROUP  M=MKNAME     ACBP=48
 2893:0478 0004 C=DATA   S=_DATA          G=DGROUP  M=NEW        ACBP=48
 2893:047C 0000 C=DATA   S=_DATA          G=DGROUP  M=NEWF       ACBP=48
 2893:047C 0000 C=DATA   S=_DATA          G=DGROUP  M=N_LXMUL    ACBP=48
 2893:047C 0000 C=DATA   S=_DATA          G=DGROUP  M=N_PCMP     ACBP=48
 2893:047C 0004 C=DATA   S=_DATA          G=DGROUP  M=RAND       ACBP=48
 2893:0480 0000 C=DATA   S=_DATA          G=DGROUP  M=READA      ACBP=48
 2893:0480 0000 C=DATA   S=_DATA          G=DGROUP  M=SETDATE    ACBP=48
 2893:0480 0000 C=DATA   S=_DATA          G=DGROUP  M=SETUPIO    ACBP=48
 2893:0480 0004 C=DATA   S=_DATA          G=DGROUP  M=SIGDATA    ACBP=48
 2893:0484 0000 C=DATA   S=_DATA          G=DGROUP  M=STIME      ACBP=48
 2893:0484 0002 C=DATA   S=_DATA          G=DGROUP  M=STKLEN     ACBP=48
 2893:0486 0000 C=DATA   S=_DATA          G=DGROUP  M=UNLINK     ACBP=48
 2893:0486 0000 C=DATA   S=_DATA          G=DGROUP  M=VDELF      ACBP=48
 2893:0486 0000 C=DATA   S=_DATA          G=DGROUP  M=VNEWF      ACBP=48
 2893:0486 0067 C=DATA   S=_DATA          G=DGROUP  M=VPRINTER   ACBP=48
 2893:04EE 0000 C=DATA   S=_DATA          G=DGROUP  M=VRAM       ACBP=48
 2893:04EE 0002 C=DATA   S=_DATA          G=DGROUP  M=WSCROLL    ACBP=48
 2893:04F0 0000 C=DATA   S=_DATA          G=DGROUP  M=_STPCPY    ACBP=48
 2893:04F0 0000 C=DATA   S=_DATA          G=DGROUP  M=CPRINTF    ACBP=48
 2893:04F0 0018 C=DATA   S=_DATA          G=DGROUP  M=CRTINIT    ACBP=48
 2893:0508 0031 C=DATA   S=_DATA          G=DGROUP  M=CVTFAK     ACBP=48
 2893:053A 0000 C=DATA   S=_DATA          G=DGROUP  M=FARHEAP    ACBP=48
 2893:053A 0002 C=DATA   S=_DATA          G=DGROUP  M=FBRK       ACBP=48
 2893:053C 0000 C=DATA   S=_DATA          G=DGROUP  M=GETCH      ACBP=48
 2893:053C 0000 C=DATA   S=_DATA          G=DGROUP  M=GPTEXT     ACBP=48
 2893:053C 0000 C=DATA   S=_DATA          G=DGROUP  M=IOCTL      ACBP=48
 2893:053C 0002 C=DATA   S=_DATA          G=DGROUP  M=KBHIT      ACBP=48
 2893:053E 0000 C=DATA   S=_DATA          G=DGROUP  M=MOVETEXT   ACBP=48
 2893:053E 0000 C=DATA   S=_DATA          G=DGROUP  M=PUTCH      ACBP=48
 2893:053E 0000 C=DATA   S=_DATA          G=DGROUP  M=REALCVT    ACBP=48
 2893:053E 0000 C=DATA   S=_DATA          G=DGROUP  M=SCREEN     ACBP=48
 2893:053E 0000 C=DATA   S=_DATA          G=DGROUP  M=SCROLL     ACBP=48
 2893:053E 0000 C=DATA   S=_DATA          G=DGROUP  M=SETBLOCK   ACBP=48
 2893:053E 0004 C=DATA   S=_DATA          G=DGROUP  M=SETENVP    ACBP=48
 2893:0542 0000 C=DATA   S=_DATA          G=DGROUP  M=STACK      ACBP=48
 2893:0542 0000 C=DATA   S=_DATA          G=DGROUP  M=WHEREXY    ACBP=48
 2893:0542 0000 C=DATA   S=_DATA          G=DGROUP  M=ATOL       ACBP=48
 2893:0542 0000 C=DATA   S=_DATA          G=DGROUP  M=CHMODA     ACBP=48
 2893:0542 0000 C=DATA   S=_DATA          G=DGROUP  M=CLOSE      ACBP=48
 2893:0542 0000 C=DATA   S=_DATA          G=DGROUP  M=CLOSEA     ACBP=48
 2893:0542 0000 C=DATA   S=_DATA          G=DGROUP  M=EOF        ACBP=48
 2893:0542 0000 C=DATA   S=_DATA          G=DGROUP  M=FCLOSE     ACBP=48
 2893:0542 0000 C=DATA   S=_DATA          G=DGROUP  M=FFLUSH     ACBP=48
 2893:0542 0000 C=DATA   S=_DATA          G=DGROUP  M=FLUSHALL   ACBP=48
 2893:0542 0000 C=DATA   S=_DATA          G=DGROUP  M=FOPEN      ACBP=48
 2893:0542 0000 C=DATA   S=_DATA          G=DGROUP  M=FPRINTF    ACBP=48
 2893:0542 0000 C=DATA   S=_DATA          G=DGROUP  M=FREAD      ACBP=48
 2893:0542 0000 C=DATA   S=_DATA          G=DGROUP  M=FSEEK      ACBP=48
 2893:0542 0001 C=DATA   S=_DATA          G=DGROUP  M=GETC       ACBP=48
 2893:0544 0000 C=DATA   S=_DATA          G=DGROUP  M=GETENV     ACBP=48
 2893:0544 0000 C=DATA   S=_DATA          G=DGROUP  M=MEMCPY     ACBP=48
 2893:0544 0000 C=DATA   S=_DATA          G=DGROUP  M=MEMSET     ACBP=48
 2893:0544 0000 C=DATA   S=_DATA          G=DGROUP  M=OPEN       ACBP=48
 2893:0544 0000 C=DATA   S=_DATA          G=DGROUP  M=OPENA      ACBP=48
 2893:0544 0002 C=DATA   S=_DATA          G=DGROUP  M=PUTC       ACBP=48
 2893:0546 0000 C=DATA   S=_DATA          G=DGROUP  M=READ       ACBP=48
 2893:0546 0000 C=DATA   S=_DATA          G=DGROUP  M=READU      ACBP=48
 2893:0546 0004 C=DATA   S=_DATA          G=DGROUP  M=SETVBUF    ACBP=48
 2893:054A 0000 C=DATA   S=_DATA          G=DGROUP  M=SPRINTF    ACBP=48
 2893:054A 0000 C=DATA   S=_DATA          G=DGROUP  M=STRCAT     ACBP=48
 2893:054A 0000 C=DATA   S=_DATA          G=DGROUP  M=STRCPY     ACBP=48
 2893:054A 0000 C=DATA   S=_DATA          G=DGROUP  M=STRLEN     ACBP=48
 2893:054A 0000 C=DATA   S=_DATA          G=DGROUP  M=STRNCPY    ACBP=48
 2893:054A 000C C=DATA   S=_DATA          G=DGROUP  M=TIMECVT    ACBP=48
 2893:0556 003B C=DATA   S=_DATA          G=DGROUP  M=TZSET      ACBP=48
 2893:0592 0000 C=DATA   S=_DATA          G=DGROUP  M=WRITE      ACBP=48
 2893:0592 0000 C=DATA   S=_DATA          G=DGROUP  M=WRITEA     ACBP=48
 2893:0592 0000 C=DATA   S=_DATA          G=DGROUP  M=WRITEU     ACBP=48
 2893:0592 0000 C=DATA   S=_DATA          G=DGROUP  M=XFCLOSE    ACBP=48
 2893:0592 0000 C=DATA   S=_DATA          G=DGROUP  M=XFFLUSH    ACBP=48
 2893:0592 0000 C=DATA   S=_DATA          G=DGROUP  M=FMEMCPY    ACBP=48
 2893:0592 0000 C=DATA   S=_DATA          G=DGROUP  M=FSTRCMP    ACBP=48
 2893:0592 0000 C=DATA   S=_DATA          G=DGROUP  M=FSBCLOSE   ACBP=48
 2893:0592 0000 C=DATA   S=_DATA          G=DGROUP  M=FSBCTR1    ACBP=48
 2893:0592 0000 C=DATA   S=_DATA          G=DGROUP  M=FSBDTR     ACBP=48
 2893:0592 0000 C=DATA   S=_DATA          G=DGROUP  M=FSBOFLOW   ACBP=48
 2893:0592 0000 C=DATA   S=_DATA          G=DGROUP  M=FSBOPEN    ACBP=48
 2893:0592 0000 C=DATA   S=_DATA          G=DGROUP  M=FSBSBUF    ACBP=48
 2893:0592 0000 C=DATA   S=_DATA          G=DGROUP  M=FSBSKOFF   ACBP=48
 2893:0592 0000 C=DATA   S=_DATA          G=DGROUP  M=FSBSYNC    ACBP=48
 2893:0592 0000 C=DATA   S=_DATA          G=DGROUP  M=FSBUFLOW   ACBP=48
 2893:0592 0000 C=DATA   S=_DATA          G=DGROUP  M=FSCLOSE    ACBP=48
 2893:0592 0000 C=DATA   S=_DATA          G=DGROUP  M=FSCTR1     ACBP=48
 2893:0592 0000 C=DATA   S=_DATA          G=DGROUP  M=FSCTR2     ACBP=48
 2893:0592 0000 C=DATA   S=_DATA          G=DGROUP  M=FSDTR      ACBP=48
 2893:0592 0000 C=DATA   S=_DATA          G=DGROUP  M=FSOPEN     ACBP=48
 2893:0592 0000 C=DATA   S=_DATA          G=DGROUP  M=IFSCTR1    ACBP=48
 2893:0592 0000 C=DATA   S=_DATA          G=DGROUP  M=IFSCTR2    ACBP=48
 2893:0592 0000 C=DATA   S=_DATA          G=DGROUP  M=IFSDTR     ACBP=48
 2893:0592 0000 C=DATA   S=_DATA          G=DGROUP  M=ISTCTR1    ACBP=48
 2893:0592 0000 C=DATA   S=_DATA          G=DGROUP  M=ISTDIPFX   ACBP=48
 2893:0592 0000 C=DATA   S=_DATA          G=DGROUP  M=ISTDTR1    ACBP=48
 2893:0592 0000 C=DATA   S=_DATA          G=DGROUP  M=ISTEATWH   ACBP=48
 2893:0592 0000 C=DATA   S=_DATA          G=DGROUP  M=ISTGLINE   ACBP=48
 2893:0592 0000 C=DATA   S=_DATA          G=DGROUP  M=ISTREAD    ACBP=48
 2893:0592 0000 C=DATA   S=_DATA          G=DGROUP  M=ISTSKOFF   ACBP=48
 2893:0592 0000 C=DATA   S=_DATA          G=DGROUP  M=ISTSKPOS   ACBP=48
 2893:0592 0000 C=DATA   S=_DATA          G=DGROUP  M=ISTTELLG   ACBP=48
 2893:0592 0000 C=DATA   S=_DATA          G=DGROUP  M=OFSCTR1    ACBP=48
 2893:0592 0000 C=DATA   S=_DATA          G=DGROUP  M=OFSDTR     ACBP=48
 2893:0592 0000 C=DATA   S=_DATA          G=DGROUP  M=OSTCTR1    ACBP=48
 2893:0592 0000 C=DATA   S=_DATA          G=DGROUP  M=OSTDTR1    ACBP=48
 2893:0592 0000 C=DATA   S=_DATA          G=DGROUP  M=OSTFLUSH   ACBP=48
 2893:0592 0000 C=DATA   S=_DATA          G=DGROUP  M=OSTWRITE   ACBP=48
 2893:0592 0000 C=DATA   S=_DATA          G=DGROUP  M=STBALC     ACBP=48
 2893:0592 0000 C=DATA   S=_DATA          G=DGROUP  M=STBCTR1    ACBP=48
 2893:0592 0000 C=DATA   S=_DATA          G=DGROUP  M=STBDSGTN   ACBP=48
 2893:0592 0000 C=DATA   S=_DATA          G=DGROUP  M=STBDSPTN   ACBP=48
 2893:0592 0000 C=DATA   S=_DATA          G=DGROUP  M=STBDTR     ACBP=48
 2893:0592 0000 C=DATA   S=_DATA          G=DGROUP  M=STBOFLOW   ACBP=48
 2893:0592 0000 C=DATA   S=_DATA          G=DGROUP  M=STBPBFL    ACBP=48
 2893:0592 0000 C=DATA   S=_DATA          G=DGROUP  M=STBSBUF    ACBP=48
 2893:0592 0000 C=DATA   S=_DATA          G=DGROUP  M=STBSETB    ACBP=48
 2893:0592 0000 C=DATA   S=_DATA          G=DGROUP  M=STBSETG    ACBP=48
 2893:0592 0000 C=DATA   S=_DATA          G=DGROUP  M=STBSETP    ACBP=48
 2893:0592 0000 C=DATA   S=_DATA          G=DGROUP  M=STBSKOFF   ACBP=48
 2893:0592 0000 C=DATA   S=_DATA          G=DGROUP  M=STBSKPOS   ACBP=48
 2893:0592 0000 C=DATA   S=_DATA          G=DGROUP  M=STBSPUTN   ACBP=48
 2893:0592 0000 C=DATA   S=_DATA          G=DGROUP  M=STBSYNC    ACBP=48
 2893:0592 0000 C=DATA   S=_DATA          G=DGROUP  M=STBUFLOW   ACBP=48
 2893:0592 0000 C=DATA   S=_DATA          G=DGROUP  M=STCLEAR    ACBP=48
 2893:0592 0000 C=DATA   S=_DATA          G=DGROUP  M=STCTR1     ACBP=48
 2893:0592 0000 C=DATA   S=_DATA          G=DGROUP  M=STDTR      ACBP=48
 2893:0592 0000 C=DATA   S=_DATA          G=DGROUP  M=STINIT     ACBP=48
 2893:0592 0000 C=DATA   S=_DATA          G=DGROUP  M=STSETST    ACBP=48
 2893:0592 0000 C=DATA   S=_CVTSEG        G=DGROUP  M=c0.ASM     ACBP=48
 2893:0592 0002 C=DATA   S=_CVTSEG        G=DGROUP  M=REALCVT    ACBP=48
 2893:0594 0002 C=DATA   S=_CVTSEG        G=DGROUP  M=CVTFAK     ACBP=48
 2893:0596 0000 C=DATA   S=_CVTSEG        G=DGROUP  M=REALCVT    ACBP=48
 2893:0596 0000 C=DATA   S=_SCNSEG        G=DGROUP  M=c0.ASM     ACBP=48
 2893:0596 0006 C=DATA   S=_SCNSEG        G=DGROUP  M=SCANTOD    ACBP=48
 2893:059C 0006 C=DATA   S=_SCNSEG        G=DGROUP  M=CVTFAK     ACBP=48
 2893:05A2 0000 C=CONST  S=_CONST         G=DGROUP  M=c0.ASM     ACBP=48
 2893:05A2 0000 C=INITDATA S=_INIT_         G=DGROUP  M=c0.ASM     ACBP=48
 2893:05A2 0006 C=INITDATA S=_INIT_         G=DGROUP  M=FIGURE.CPP ACBP=48
 2893:05A8 0006 C=INITDATA S=_INIT_         G=DGROUP  M=..\MY.LIB\KEYBOARD.CPP ACBP=48
 2893:05AE 0006 C=INITDATA S=_INIT_         G=DGROUP  M=..\MY.LIB\SCREEN.CPP ACBP=48
 2893:05B4 0006 C=INITDATA S=_INIT_         G=DGROUP  M=..\MY.LIB\TIMER.CPP ACBP=48
 2893:05BA 0006 C=INITDATA S=_INIT_         G=DGROUP  M=..\MY.LIB\MOVEOBJ.CPP ACBP=48
 2893:05C0 0006 C=INITDATA S=_INIT_         G=DGROUP  M=TETRIS3.CPP ACBP=48
 2893:05C6 0006 C=INITDATA S=_INIT_         G=DGROUP  M=TETRIS.CPP ACBP=48
 2893:05CC 0006 C=INITDATA S=_INIT_         G=DGROUP  M=FP87INIT   ACBP=48
 2893:05D2 0006 C=INITDATA S=_INIT_         G=DGROUP  M=SETUPIO    ACBP=48
 2893:05D8 0006 C=INITDATA S=_INIT_         G=DGROUP  M=CRTINIT    ACBP=48
 2893:05DE 0006 C=INITDATA S=_INIT_         G=DGROUP  M=SETENVP    ACBP=48
 2893:05E4 0006 C=INITDATA S=_INIT_         G=DGROUP  M=TZSET      ACBP=48
 2893:05EA 0000 C=INITDATA S=_INITEND_      G=DGROUP  M=c0.ASM     ACBP=28
 2893:05EA 0000 C=EXITDATA S=_EXIT_         G=DGROUP  M=c0.ASM     ACBP=48
 2893:05EA 0006 C=EXITDATA S=_EXIT_         G=DGROUP  M=FIGURE.CPP ACBP=48
 2893:05F0 0006 C=EXITDATA S=_EXIT_         G=DGROUP  M=..\MY.LIB\KEYBOARD.CPP ACBP=48
 2893:05F6 0006 C=EXITDATA S=_EXIT_         G=DGROUP  M=..\MY.LIB\SCREEN.CPP ACBP=48
 2893:05FC 0006 C=EXITDATA S=_EXIT_         G=DGROUP  M=..\MY.LIB\TIMER.CPP ACBP=48
 2893:0602 0006 C=EXITDATA S=_EXIT_         G=DGROUP  M=TETRIS.CPP ACBP=48
 2893:0608 0006 C=EXITDATA S=_EXIT_         G=DGROUP  M=FP87INIT   ACBP=48
 2893:060E 0000 C=EXITDATA S=_EXITEND_      G=DGROUP  M=c0.ASM     ACBP=28
 28F4:0000 0110 C=STACK  S=_STACK         G=(none)  M=c0.ASM     ACBP=74
 28F4:0000 0080 C=STACK  S=_STACK         G=(none)  M=EMUVARS    ACBP=78

  Address         Publics by Name

 0000:1AE4       operator delete(void far*)
 1145:122A       operator <<(SCREEN far&,MANIPMY far&)
 0000:2079       operator new(unsigned int)
 0000:20C2       operator new(unsigned long)
 0B5E:205D       abs(int)
 0E45:17F0       anim::
 12FC:2678       ANIM::ANIM(SPRITE far*)
 0E45:0B1C       ANIM::ANIM()
 12FC:259E       ANIM::operator +=(ANIM far&)
 0E45:1714       ANIM::operator [](int)
 0E45:0CC8       ANIM::Animate()
 0E45:0BA8       ANIM::RenewFrame()
 0E45:17A9       ANIM::RenewTimeLive()
 0E45:157B       ANIM::Show()
 0FCA:0287 idle  CheckUnionRects(RECT far&,RECT far&)
 0B5E:1CC8       cur(int,int)
 0D78:06B6       Debug(char far*)
 0FCA:012C idle  DetermineSystem(int,int,int,int)
 0FCA:004B idle  DetermineSystem(int,int,int,int,int far&,int far&)
 0FCA:01EF       DetermineSystem(RECT far&,RECT far&,RECT far&)
 0869:03CD       DrawBMP(int,int)
 1145:0540       DrawRunLine(int)
 0D78:064C       fatal(char far*)
 0869:00CE idle  fatal_(char far*)
 0968:000D       FIGURE::FIGURE()
 0968:0371       FIGURE::Check()
 0968:00B0       FIGURE::RandomSym(char far*)
 0968:02A4       FIGURE::Show(int)
 0968:0154       FIGURE::Show(int,int)
 0968:007E       FIGURE::Show()
 0000:5F49       filebuf::filebuf()
 0000:6061       filebuf::~filebuf()
 0000:5E9B       filebuf::close()
 0000:625D       filebuf::open(const char far*,int,int)
 2890:0000       filebuf::openprot
 0000:6103       filebuf::overflow(int)
 0000:6488       filebuf::seekoff(long,seek_dir,int)
 0000:63C5       filebuf::setbuf(char far*,int)
 0000:6644       filebuf::sync()
 0000:67E5       filebuf::underflow()
 0B5E:1D04 idle  FONT::FONT(int)
 0B5E:1E62 idle  FONT::~FONT()
 0B5E:1EB1 idle  FONT::Show(int,int,int,char)
 08B5:0009       FontEditor(char far*)
 0000:6A97       fstreambase::fstreambase(const char far*,int,int)
 0000:69E8       fstreambase::fstreambase()
 0000:6B63       fstreambase::~fstreambase()
 0000:69A3       fstreambase::close()
 0000:6BF1       fstreambase::open(const char far*,int,int)
 126B:06E6       generate_picture()
 0E08:015E       GetRealTimeClock(unsigned char far&,unsigned char far&,unsigned char far&)
 09EC:0002       GLASS::GLASS()
 09EC:00C7       GLASS::~GLASS()
 09EC:0122       GLASS::Clear()
 09EC:04A8       GLASS::Load(char far*)
 09EC:017A       GLASS::Make(unsigned int,unsigned int)
 09EC:020B       GLASS::Read(int,int)
 09EC:05B3       GLASS::Save(char far*)
 09EC:0275       GLASS::Show()
 09EC:0081 idle  GLASS::ShowBackground(int)
 09EC:0393 idle  GLASS::ShowBorder()
 09EC:044B       GLASS::Write(int,int,BOX)
 09B3:0096 idle  graph_draw_digit(int,int,int)
 09B3:0196 idle  graph_draw_image(int,int,int,int,char far*)
 09B3:02A1       graph_draw_num(int,int,int)
 09B3:0212       graph_draw_symbol(int,int,char)
 09B3:011E idle  graph_draw_symbol(int,int,char,int)
 09B3:013B idle  graph_draw_text(int,int,char far*,int)
 09B3:0306 idle  graph_horz_line(int,int,int)
 09B3:034C idle  graph_vert_line(int,int,int)
 0000:6DF3 idle  ifstream::ifstream(const unsigned char far*,int,int)
 0000:6D31       ifstream::ifstream(const char far*,int,int)
 0000:6C5E       ifstream::ifstream()
 0000:6ED9       ifstream::~ifstream()
 08F1:0707       ifstream::open(const char far*,int,int)
 0E08:000B idle  int08h_new1()
 0000:7F3E       ios::ios()
 0000:7F8A       ios::~ios()
 0869:043D       ios::operator !()
 2891:0004 idle  ios::adjustfield
 2891:0000 idle  ios::basefield
 0000:7EFD       ios::clear(int)
 12FC:25D1       ios::eof()
 0869:04A0       ios::fail()
 2891:0008 idle  ios::floatfield
 0000:7FE1       ios::init(streambuf far*)
 2891:000C idle  ios::nextbit
 0000:803C       ios::setstate(int)
 2891:0012 idle  ios::stdioflush
 2891:0010 idle  ios::usercount
 0000:6F93       istream::istream()
 0000:70E3       istream::~istream()
 0000:715B       istream::eatwhite()
 12FC:25FA       istream::getline(unsigned char far*,int,char)
 0000:7238       istream::getline(char far*,int,char)
 0000:7021       istream::ipfx(int)
 0869:046A       istream::read(unsigned char far*,int)
 0000:7378       istream::read(char far*,int)
 0000:74EB       istream::seekg(long)
 0000:748B       istream::seekg(long,seek_dir)
 0000:7548       istream::tellg()
 0B04:015C idle  KEYBOARD::KEYBOARD()
 0B04:022A idle  KEYBOARD::~KEYBOARD()
 0806:0609       KEYBOARD::operator [](char)
 0B04:003A idle  KEYBOARD::AnyKey()
 0B04:000C idle  KEYBOARD::Check(unsigned char)
 0B04:012A       KEYBOARD::Clear()
 261D:0000 idle  KEYBOARD::CountObject
 0B04:027B idle  KEYBOARD::int09h_new()
 261E:0000       keyboard::key
 0B04:0085       KEYBOARD::ReadScan(unsigned long)
 0B04:0495       KEYBOARD::Set(char,char)
 0B04:04C5       KEYBOARD::SetInputMode(int)
 0B04:0528       KEYBOARD::StandartInput()
 0B04:04FC       KEYBOARD::SuperInput()
 261D:0002 idle  KEYBOARD::This
 0869:00EB       LoadBMP320x200x256(char far*)
 12FC:1724 idle  load_music()
 12FC:0001 idle  load_sounds()
 1145:000E       load_sprites()
 0B5E:214E       MANIPMY::MANIPMY(SCREEN far&(far*)(SCREEN far&,int),int)
 0E45:1774       mindobj::
 0E45:0FD8 idle  MINDOBJ::MINDOBJ()
 0E45:103C idle  MINDOBJ::~MINDOBJ()
 0E45:0DEA idle  MINDOBJ::operator +=(MINDOBJ far&)
 0E45:1744       MINDOBJ::operator [](int)
 0E45:0E13 idle  MINDOBJ::Add(MINDOBJ far&,int,MINDOBJ::GOING far*,MINDOBJ::FRAMING far*,...
 0E45:13A4 idle  MINDOBJ::Del(MOVEOBJ far*)
 0E45:1111 idle  MINDOBJ::RenewFrame()
 0E45:11C3 idle  MINDOBJ::RenewXY()
 0E45:13FA idle  MINDOBJ::Show()
 0DE8:0065       MOUSE::MOUSE(SCREEN far*)
 0DE8:00DC       MOUSE::~MOUSE()
 0DE8:0000 idle  MOUSE::Draw()
 0DE8:0119 idle  MOUSE::Read()
 0DE8:01CE idle  MOUSE::Set()
 0DE8:0164 idle  MOUSE::set_horz_movement(int,int)
 0DE8:0199 idle  MOUSE::set_vert_movement(int,int)
 12FC:26D8       movefigure::
 12FC:24FA       MOVEFIGURE::MOVEFIGURE(SPRITE far*)
 12FC:273F       MOVEFIGURE::~MOVEFIGURE()
 12FC:26F4       MOVEFIGURE::Show()
 0E45:1808       moveobj::
 0E45:009C       MOVEOBJ::MOVEOBJ(SPRITE far*)
 0E45:0008 idle  MOVEOBJ::MOVEOBJ()
 0E45:013D       MOVEOBJ::~MOVEOBJ()
 0E45:0AD2 idle  MOVEOBJ::operator +=(MOVEOBJ far&)
 0E45:0A21 idle  MOVEOBJ::operator [](int)
 0E45:02A8 idle  MOVEOBJ::Animate()
 0E45:16D2       MOVEOBJ::Del(int)
 0E45:0629       MOVEOBJ::Del(MOVEOBJ far*)
 0E45:05A8 idle  MOVEOBJ::DelAll()
 0E45:178C       MOVEOBJ::Destroy(int)
 2725:000C       MOVEOBJ::Lim
 12FC:256C       MOVEOBJ::MakeSupervisor(SPRITE far*)
 0E45:0779       MOVEOBJ::New(MOVEOBJ far*,int)
 0E45:1820       MOVEOBJ::RenewFrame()
 0E45:0870 idle  MOVEOBJ::RenewRect()
 0E45:183D       MOVEOBJ::RenewTimeLive()
 0E45:0907       MOVEOBJ::RenewXY()
 0E45:09A4 idle  MOVEOBJ::Set(float,float,float,float,float,float)
 0E45:01C6 idle  MOVEOBJ::Show()
 0E45:0252 idle  MOVEOBJ::ShowAll()
 2725:0006 idle  moveobj::speed_unit
 2725:0000 idle  MOVEOBJ::SupervisorCounter
 2725:000A idle  MOVEOBJ::TotalAnimatedObject
 2725:0002 idle  MOVEOBJ::WindowX
 2725:0004 idle  MOVEOBJ::WindowY
 0E45:0443 idle  MOVETXT::Animate()
 0E45:14D1 idle  MOVETXT::Show()
 0D78:0512       Msg(char far*,int)
 0D78:0273       MsgText(char far*,char far*,char far*,int,int)
 0D78:0001       MsgTextMinMaxValue(char far*,int,int,int,int)
 12FC:16C2       music(int,int)
 0000:75BB       ofstream::ofstream()
 0000:768E       ofstream::~ofstream()
 08F1:0742       ofstream::open(const char far*,int,int)
 0000:7748       ostream::ostream()
 0000:77CD       ostream::~ostream()
 0000:7852       ostream::flush()
 0B5E:1FFC       ostream::write(const unsigned char far*,int)
 0000:7897       ostream::write(const char far*,int)
 0869:0040 idle  page(int,char)
 09B3:0007 idle  Pixel(int,int,int)
 12FC:178F idle  ProgrammEditor()
 0869:007C idle  putpixel(int,int,char)
 0869:005F idle  putpixel(int,int,char,char,char)
 0A76:088A       random(int)
 1145:11FA       randomize()
 0B5E:20AB       RECT::RECT(int,int,int,int)
 0B5E:2110       RECT::RECT()
 12FC:2634       RECT::Set(int,int,int,int)
 0A76:04FA       RECTABLE::RECTABLE()
 0A76:0539       RECTABLE::~RECTABLE()
 0A76:0576       RECTABLE::GetMaxScore()
 0A76:028D       RECTABLE::Load()
 0A76:069E       RECTABLE::PutNewRecord(char far*,unsigned long,unsigned long,unsigned int)
 0A76:05A2       RECTABLE::PutNewRecordNameColor(char far*,unsigned long,char)
 0A76:045D       RECTABLE::Save()
 0A76:0003       RECTABLE::Show(int)
 12FC:0044 idle  redefine_keys()
 0B5E:0106       SCREEN::SCREEN()
 0B5E:027C       SCREEN::~SCREEN()
 0B5E:1157 idle  SCREEN::operator <<(double)
 0B5E:11E8       SCREEN::operator <<(int)
 0B5E:10E7       SCREEN::operator <<(char far*)
 0B5E:11AE       SCREEN::operator <<(unsigned int)
 0B5E:1120 idle  SCREEN::operator <<(unsigned long)
 0B5E:1222       SCREEN::operator <<(char)
 0B5E:08A5       SCREEN::bitblt(int,int,int,int,char far*)
 0B5E:0508       SCREEN::bitblt(int,int,int,int,char far*,char)
 0B5E:093B       SCREEN::bitbltTP(int,int,int,int,char far*)
 0B5E:0319 idle  SCREEN::bitblt_part(int,int,int,int,int,int,int,int,char far*,char)
 0B5E:09D1       SCREEN::border(int,int,int,int,int)
 0B5E:0A60 idle  SCREEN::Center(int,char far*)
 0B5E:0AB7       SCREEN::clear(int)
 26D4:0006 idle  SCREEN::constructor_run
 26D4:0000 idle  SCREEN::CountObjects
 0B5E:0006       SCREEN::DecrementPalette()
 26D4:0002 idle  SCREEN::DoubleBuffer
 0B5E:008B       SCREEN::FontSave()
 0B5E:0AF9       SCREEN::GetColorRegister(unsigned char,char far&,char far&,char far&)
 0B5E:0B48 idle  SCREEN::graphmode()
 0B5E:0BEC       SCREEN::InputNumber(unsigned int)
 0B5E:0C8F       SCREEN::InputString(int,char far*,int)
 0B5E:0F12       SCREEN::line(int,int,int,int,char)
 0B5E:1055 idle  SCREEN::line_down(int,int,int,char)
 0B5E:109E       SCREEN::line_right(int,int,int,char)
 0B5E:0EAA       SCREEN::locate(int,int)
 0B5E:0EE1       SCREEN::locateXY(int,int)
 0B5E:1259 idle  SCREEN::pause(int)
 0B5E:1749 idle  SCREEN::putBigNumb(long)
 0B5E:17C0 idle  SCREEN::putBigNumb(long,char)
 0B5E:1290       SCREEN::putBigSym(unsigned char,char,char)
 0B5E:138C idle  SCREEN::putBigText(char far*,char)
 0B5E:13D7 idle  SCREEN::putBigText(char far*,char,char)
 0B5E:1424 idle  SCREEN::putBigText(char far*,char,char,char)
 0B5E:1653       SCREEN::putNumb(unsigned long)
 0B5E:16C9       SCREEN::putNumb(unsigned long,char)
 0B5E:147F       SCREEN::putpixel(int,int,int)
 0B5E:14DC idle  SCREEN::putSymbol(int,int,unsigned char)
 0B5E:15A6       SCREEN::putSymbol(unsigned char)
 0B5E:15F0       SCREEN::putText(char far*)
 0B5E:18A2       SCREEN::rectangle(int,int,int,int,int)
 0B5E:1848 idle  SCREEN::rectangle(RECT far&,int)
 0B5E:19D6 idle  SCREEN::Set320x240Mode()
 0A76:08C6       SCREEN::setbkcolor(char)
 0B5E:2084       SCREEN::setcolor(char)
 0B5E:1A65       SCREEN::SetColorRegister(unsigned char,char,char,char)
 0B5E:1A98       SCREEN::textmode()
 0B5E:1ABA idle  SCREEN::update(RECT)
 0B5E:1B6E       SCREEN::update()
 26D4:0007 idle  SCREEN::VideoMemory
 0B5E:1BD4       SCREEN::wait()
 0B5E:1C92 idle  setcolor(int)
 0869:0005 idle  SetColorRegister(char,char,char,char)
 09B3:003B idle  setpixel(int,int,unsigned char)
 0A54:0001       SETTINGS::SETTINGS()
 0A54:003F       SETTINGS::~SETTINGS()
 0A54:0100       SETTINGS::Load()
 0A54:007C       SETTINGS::Save()
 0000:2048 idle  set_new_handler(void(far*)())
 100A:000E       SOUND::SOUND()
 100A:050F       SOUND::~SOUND()
 2745:0000 idle  SOUND::CountObject
 100A:02A9       SOUND::load(char far*,int)
 100A:01AF       SOUND::play(int,int)
 100A:014A idle  SOUND::SndPlay(SNDSTRUCT far&)
 100A:0104 idle  SOUND::soundStatus()
 100A:0269 idle  SOUND::stop()
 100A:04AD idle  SOUND::unload(int)
 1062:00FA       SPRITE::SPRITE(SCREEN far*,int)
 1062:01C8       SPRITE::~SPRITE()
 2779:0000 idle  SPRITE::CountObject
 1062:000D idle  SPRITE::Create(SPRITE::IMAGE far&)
 1062:0931 idle  SPRITE::Delete(int)
 1062:027D idle  SPRITE::find(int)
 1062:02C8 idle  SPRITE::find_free()
 1062:0321       SPRITE::GetImage(int)
 1062:0377 idle  SPRITE::Load(char far*,unsigned long,SPRITE::IMAGE)
 1062:04C5       SPRITE::LoadSpriteform(char far*,SPRITE::IMAGE far&)
 1062:0621       SPRITE::ModifyColor(int,char)
 1062:06AB       SPRITE::Scroll(int,int,int)
 1062:08B7       SPRITE::Show(int,int,int,int)
 1062:080B idle  SPRITE::ShowDirect(int,int,int,int)
 1062:0A56       SPRITE::IMAGE::Read(int,int)
 1062:09ED       SPRITE::IMAGE::Write(int,int,unsigned char)
 0000:793B       streambuf::streambuf()
 0000:7B6F       streambuf::~streambuf()
 0000:78EA       streambuf::doallocate()
 0000:7A0F       streambuf::do_sgetn(char far*,int)
 0000:7AC6       streambuf::do_sputn(const char far*,int)
 0000:7BEB       streambuf::overflow(int)
 0000:7BFA       streambuf::pbackfail(int)
 0000:7DB6       streambuf::seekoff(long,seek_dir,int)
 0000:7DC8       streambuf::seekpos(long,int)
 0000:7C3C       streambuf::setb(char far*,char far*,int)
 0000:7C09       streambuf::setbuf(char far*,int)
 0000:7CF2       streambuf::setg(char far*,char far*,char far*)
 0000:7D63       streambuf::setp(char far*,char far*)
 0000:7DF3       streambuf::sputn(const char far*,int)
 0000:7E70       streambuf::sync()
 0000:7EC3       streambuf::underflow()
 0FCA:000F idle  swap(int far&,int far&)
 126B:04DA       TETRIS::TETRIS()
 12FC:03C7 idle  TETRIS::~TETRIS()
 12FC:0428 idle  TETRIS::game()
 126B:0697 idle  TETRIS::GenerateFigureColor()
 08F1:04DA       TETRIS::Load(char far*)
 1145:0DAB       TETRIS::menu()
 126B:0005       TETRIS::NewFigureGenerate()
 126B:0235       TETRIS::NextFigureShow()
 08F1:0660       TETRIS::Save(char far*)
 08F1:0002       TETRIS::Settings1()
 08F1:01BE       TETRIS::Settings2()
 12F3:0005       TetrisHelp()
 0806:0009       TetrisStart()
 0E08:003A idle  TIMER::TIMER(float)
 0E08:01F7 idle  TIMER::~TIMER()
 26E5:0000 idle  TIMER::CountObjects
 0B5E:2032       TIMER::GetTotalCounter()
 26E5:0002 idle  timer::max_freq
 26E5:0006 idle  timer::min_freq
 0E08:00BF       TIMER::Restart(float)
 0B5E:1C63 idle  _setcolor(SCREEN far&,int)
 0B5E:1C1D idle  _setlocate(SCREEN far&,int)
 0000:23DC       _vector_delete_(void far*,unsigned int,unsigned long,unsigned int,...)
 0000:2660       _vector_new_(void far*,unsigned int,unsigned long,unsigned int,...)
 2893:0000 idle  DATASEG@
 0000:0284       DGROUP@
 1576:0306       e087_Entry
 1576:03C6       e087_Shortcut
 1576:0430       e087_Trap
 0000:0000 idle  FIARQQ
 0000:0000 idle  FICRQQ
 0000:0000  Abs  FIDRQQ
 0000:0000  Abs  FIERQQ
 0000:0000 idle  FISRQQ
 0000:0000  Abs  FIWRQQ
 0000:0000 idle  FJARQQ
 0000:0000 idle  FJCRQQ
 0000:0000 idle  FJSRQQ
 0000:1A84 idle  FTOL@
 0000:1A84       F_FTOL@
 0000:1CFB idle  F_LDIV@
 0000:1D0A idle  F_LMOD@
 0000:1D02 idle  F_LUDIV@
 0000:1D12 idle  F_LUMOD@
 0000:1DA9 idle  F_LXLSH@
 0000:3F32       F_OVERFLOW@
 0000:1DCA idle  F_PADD@
 0000:1DF9 idle  F_PSUB@
 0000:1C7A       F_SCOPY@
 0000:1CFB idle  LDIV@
 0000:1D0A idle  LMOD@
 0000:1D02 idle  LUDIV@
 0000:1D12 idle  LUMOD@
 0000:1DA9 idle  LXLSH@
 0000:1CF8       N_LDIV@
 0000:1D07       N_LMOD@
 0000:1CFF idle  N_LUDIV@
 0000:1D0F idle  N_LUMOD@
 0000:1DA6       N_LXLSH@
 0000:2127       N_LXMUL@
 0000:3F32 idle  N_OVERFLOW@
 0000:1DC7       N_PADD@
 0000:213E       N_PCMP@
 0000:1DF6 idle  N_PSUB@
 0000:3F32 idle  OVERFLOW@
 0000:1DCA idle  PADD@
 0000:1DF9 idle  PSUB@
 0000:1C7A idle  SCOPY@
 0000:026D       _abort
 0000:0AC8 idle  _AddFar
 15F1:0002 idle  _ArrayScanLine
 0000:1AB0 idle  _atexit
 0000:4012 idle  _atoi
 0000:3F91       _atol
 0000:02E7 idle  _AudioCapabilities
 0000:036B idle  _AudioPendingStatus
 27E8:059E       _Background
 27E8:001F idle  _BaseAccelerat
 27E8:001B idle  _BaseSpeed
 263A:0815       _BigSymScale
 0000:040F idle  _CheckIn
 0000:0B83 idle  _CheckMidiIn
 0000:404E       _close
 0000:1A25       _cos
 0000:3061 idle  _cprintf
 263A:0817 idle  _CRTCParms
 27E8:0023       _CURRENT_MUSIC
 2893:057C       _daylight
 110E:0090       _DeInitDigPak
 0000:04E2       _DeInitDP
 110E:025A       _DeInitMidPak
 0000:0C2D       _DeInitMP
 25C4:0000 idle  _digits
 0000:0BB9       _DigPakAvailable
 0000:02ED idle  _DigPakIdentityString
 0000:0288 idle  _DigPlay
 0000:02C1 idle  _DigPlay2
 0000:02D4 idle  _DigPlayLoop
 2893:04FF       _directvideo
 0000:5597       _dostounix
 2893:053E       _environ
 0000:40B4       _eof
 2893:007F       _errno
 0000:0C19 idle  _EventIDAddress
 0000:1BEF       _exit
 0000:0819 idle  _farcat
 0000:0959 idle  _farcompare
 0000:0800 idle  _farcop
 0000:33B2       _farfree
 0000:0907 idle  _farlen
 0000:34C6       _farmalloc
 0000:0AB0 idle  _farmov
 0000:362A idle  _farrealloc
 0000:413D       _fclose
 0000:41FC       _fflush
 0000:086E idle  _ffree
 0000:49F4 idle  _fgetc
 0000:4AE9 idle  _fgetchar
 0000:1C46       _fgetpos
 0000:0689       _fload
 0000:0720       _floadpara
 0000:42D0       _flushall
 0000:083A idle  _fmalloc
 263A:0008 idle  _Font
 263A:000D       _Font8x8
 0000:4523       _fopen
 0000:455F       _fprintf
 0000:4E3E idle  _fputc
 0000:4FE0 idle  _fputchar
 0000:467D       _fread
 0000:33B2       _free
 0000:479B       _fseek
 0000:4822       _ftell
 0000:3863       _getch
 0000:3895 idle  _getche
 0000:1C96       _getdate
 0000:4AFF       _getenv
 0000:07E9 idle  _getkey
 0000:3904       _gettext
 0000:1CB0       _gettime
 0000:08AF idle  _GetTimerInterruptVector
 0000:1CCA       _getvect
 0000:0987 idle  _ifexists
 110E:005A       _InitDigPak
 0000:0471       _InitDP
 110E:0201       _InitMidPak
 0000:0C43       _InitMP
 26DB:000E idle  _int08h_old
 0000:39BE       _ioctl
 0000:1E86       _isatty
 15D3:0002 idle  _Kadr
 15D3:0004 idle  _Kadr_Sec
 0000:39EE       _kbhit
 25E6:0000       _Keyb
 27E8:0232 idle  _KeyDownPress
 0000:07D9 idle  _keystat
 110E:0000       _LoadDigPak
 110E:0124       _LoadMidPak
 0000:1F4E       _lseek
 12FC:197C       _main
 0000:0B07 idle  _MakeFP
 0000:0B14 idle  _MakeSeg
 0000:34BC       _malloc
 263A:0833 idle  _manip
 0000:02AE idle  _MassageAudio
 0000:18D5       _matherr
 27E8:0017 idle  _MaxScore
 0000:08EB idle  _mdelete
 113F:000B       _memalloc
 0000:4B7B       _memcpy
 113F:0043       _memfree
 0000:4BCD       _memset
 0000:056C idle  _mfclose
 0000:04F8 idle  _mfopen
 0000:0584 idle  _mfpos
 0000:05B5 idle  _mfread
 0000:0596 idle  _mfseek
 0000:061F idle  _mfwrite
 0000:0BD1 idle  _MidiAwake
 0000:0BCB idle  _MidiSleep
 0000:0B5B       _MidiStop
 0000:0B61 idle  _MidPakClock
 0000:0B67 idle  _MidPakClockAddress
 27E8:0412 idle  _Mouse
 27E8:05AE idle  _Movefig
 0000:3A07       _movetext
 15D3:0008       _music_loop
 15D3:0000       _need_wait
 27BF:0006 idle  _NextFigureList
 0000:03E0 idle  _NullSound
 0000:4C2E       _open
 0000:038F idle  _PendingAddress
 0000:0B1E       _PlaySequence
 0000:0C0D idle  _PollMidPak
 0000:0358 idle  _PostAudioPending
 0000:18C3       _pow10
 0000:3AAB       _putch
 0000:3961       _puttext
 0000:2177       _rand
 0000:5303       _read
 0000:3623 idle  _realloc
 27E8:0025       _Rectable
 0000:0B3F       _RegisterXmidi
 0000:0BFB idle  _RegisterXmidiFile
 0000:0BE3 idle  _RelativeVolume
 0000:0B71 idle  _RemapChannel
 0000:0348 idle  _ReportCallbackAddress
 0000:0BBF idle  _ReportCallbackTrigger
 0000:03DA idle  _ReportDMAC
 0000:0315 idle  _ReportSample
 0000:0395 idle  _ReportSemaphoreAddress
 0000:0C1F idle  _ReportSequenceNumber
 0000:039D idle  _ReportVersionNumber
 0000:0BC5 idle  _ResetCallbackCounter
 0000:0BD7 idle  _ResumePlaying
 277B:0000       _RunLX
 25C4:0067 idle  _scalex_text
 25C4:0069 idle  _scaley_text
 263A:0000       _scr
 263A:080D idle  _Screen
 0000:0B2D idle  _SegueSequence
 0000:0BDD       _SequenceStatus
 0000:0333 idle  _SetAudioHardware
 0000:03CB idle  _SetBackFillMode
 0000:3EA5       _setblock
 0000:031B idle  _SetCallBackAddress
 0000:21E0       _setdate
 0000:4BA2       _setmem
 0000:0380 idle  _SetPlayMode
 0000:03BC idle  _SetRecordMode
 0000:0BE9       _SetRelativeVolume
 0000:0371 idle  _SetStereoPan
 0000:21FC       _settime
 0000:03AD idle  _SetTimerDivisorRate
 0000:08BD idle  _SetTimerInterruptVector
 27E8:0004       _Settings
 0000:5306       _setvbuf
 0000:1CE0       _setvect
 15D3:0006       _show_debug
 0000:1906       _sin
 27E8:063A idle  _song
 27E8:0662 idle  _song_len
 27E8:0423       _Sound
 0000:02A8 idle  _SoundStatus
 0000:5478       _sprintf
 27E8:058E       _Sprite
 25C2:0010       _SpriteBox
 25C2:0000       _SpriteFigure
 0000:215F       _srand
 277B:0004       _StepRunLX
 0000:2317 idle  _stime
 0000:03A7 idle  _StopNextLoop
 0000:032D idle  _StopSound
 0000:54C9       _strcat
 0000:550D       _strcpy
 0000:553B       _strlen
 0000:5561       _strncpy
 277B:0006 idle  _str_find
 25C4:0028 idle  _symbol_dvoe
 25C4:0052 idle  _symbol_minus
 25C4:003D idle  _symbol_point
 0000:0A6C idle  _tcolor
 27E8:0234       _Tetris
 0000:0A9B idle  _TextCursor
 0000:235E       _time
 26DB:0006       _Timer
 2893:0578       _timezone
 0000:09AB idle  _tprint
 0000:0C13 idle  _TriggerCountAddress
 2893:0570 idle  _tzname
 0000:58F0       _tzset
 0000:0921 idle  _ucase
 0000:38C6 idle  _ungetch
 0000:56D8       _unixtodos
 0000:23BD       _unlink
 110E:00CD       _UnLoadDigPak
 110E:029C       _UnLoadMidPak
 0000:03FB idle  _VerifyDMA
 0000:54A1 idle  _vsprintf
 0000:034E idle  _WaitSound
 263A:082B       _wait_flag1
 263A:082F       _wait_flag2
 0000:3F55 idle  _wherex
 0000:3F71 idle  _wherey
 0000:5DB5       _write
 0000:0886 idle  _writeln
 2893:00A0       __8087
 0000:1000 idle  __AHINCR
 0000:000C  Abs  __AHSHIFT
 2893:00B6       __atexitcnt
 2893:00B8       __atexittbl
 0000:3753       __brk
 2893:0089       __brklvl
 2893:006B idle  __C0argc
 2893:006D idle  __C0argv
 0000:3161 idle  __c0crtinit
 2893:0071       __C0environ
 2893:053D       __cChar
 0000:1C1E idle  __cexit
 2893:053C       __cFlag
 0000:0158       __checknull
 0000:402A       __chmod
 0000:0145       __cleanup
 0000:4089       __close
 0000:2ECF       __CPUTN
 0000:3185 idle  __crtinit
 2893:0138       __ctype
 0000:0000  Abs  __cvtfak
 0000:1C33 idle  __c_exit
 2893:00B4       __default87
 2893:0406       __doserrno
 0000:1E6D       __DOSERROR
 2893:0408 idle  __dosErrorToSV
 0000:1AFD       __dos_getfileattr
 0000:1B48       __dos_getvect
 0000:1B24 idle  __dos_setfileattr
 0000:1B5E idle  __dos_setvect
 28F4:0000       __emu
 2893:0075       __envLng
 2893:0077       __envseg
 2893:0079       __envSize
 0000:1C05       __exit
 2893:023A       __exitbuf
 2893:023E       __exitfopen
 2893:0242 idle  __exitopen
 0000:49D5       __fgetc
 0000:8087 idle  __floatconvert
 0000:5E41       __fmemcpy
 2893:0400       __fmode
 0000:171A       __fperror
 2893:0404       __fpstklen
 0000:0ECD idle  __fpuint
 0000:4E1B idle  __fputc
 0000:4FFE       __FPUTN
 0000:5E68       __fstrcmp
 0000:44CA idle  __GETFP
 2893:0085       __heapbase
 2893:008D       __heaptop
 2873:000A       __huge_dble
 2873:0006 idle  __huge_flt
 2873:0012 idle  __huge_ldble
 2873:001C idle  __indefinite
 2893:005B idle  __Int0Vector
 2893:005F idle  __Int4Vector
 2893:0063 idle  __Int5Vector
 2893:0067 idle  __Int6Vector
 0000:1E27       __IOERROR
 0000:5B10       __ISDST
 2893:00B1       __LDT
 0000:0ED1       __LDTRUNC
 0000:1E9E       __LONGTOA
 0000:1965       __matherr
 2875:000A       __mathwhy
 0000:1F84       __MKNAME
 0000:0286 idle  __MMODEL
 2893:0556 idle  __monthDay
 2893:0478       __new_handler
 0000:49F1 idle  __Nfgetc
 2893:03D6       __nfile
 0000:3892 idle  __Ngetche
 2893:0402       __notUmask
 0000:38C3 idle  __Nungetch
 0000:4DBF       __open
 2893:03D8       __openfd
 0000:43F2 idle  __OPENFP
 2893:007D idle  __osmajor
 2893:007E idle  __osminor
 2893:007D idle  __osversion
 0000:17EE       __POW10
 2893:00B0       __protected
 2893:007B       __psp
 0000:21A4       __read
 0000:3AC9       __REALCVT
 2893:0592       __RealCvtVector
 0000:01AE       __restorezero
 0000:37A5       __sbrk
 2893:0596 idle  __ScanTodVector
 0000:3C3A       __SCREENIO
 0000:3D20       __SCROLL
 0000:0000 idle  __setenvp__
 0000:2218       __setupio
 2893:0081 idle  __StartTime
 2893:0484       __stklen
 0000:2E94       __stpcpy
 2893:0246       __streams
 0000:0159       __terminate
 2873:0020 idle  __tiny_ldble
 0000:1FE8 idle  __TMPNAM
 0000:0000 idle  __turboCrt
 0000:0000  Abs  __turboCvt
 0000:8087  Abs  __turboFloat
 0000:1F27       __UTOA
 0000:3C89       __VALIDATEXY
 2893:007D       __version
 2893:04F0       __video
 0000:30CD       __VideoInt
 0000:2917       __VPRINTER
 0000:2DCF       __VPTR
 0000:2E0D       __VRAM
 0000:3F44       __wherexy
 0000:5D66       __write
 2893:04EE       __wscroll
 0000:1507       __XCVT
 0000:5DB8       __xfclose
 0000:5E00       __xfflush
 0000:3272 idle  ___first
 0000:0DFC idle  ___fpreset
 0000:3274 idle  ___last
 0000:5214       ___read
 0000:3276 idle  ___rover
 2893:0480       ___SignalPtr
 0000:5BF6       ___write

  Address         Publics by Value

 0000:0000  Abs  FIWRQQ
 0000:0000  Abs  FIDRQQ
 0000:0000  Abs  FIERQQ
 0000:0000  Abs  __turboCvt
 0000:0000 idle  FIARQQ
 0000:0000 idle  FICRQQ
 0000:0000 idle  FISRQQ
 0000:0000 idle  FJARQQ
 0000:0000 idle  FJCRQQ
 0000:0000 idle  FJSRQQ
 0000:0000 idle  __turboCrt
 0000:0000  Abs  __cvtfak
 0000:0000 idle  __setenvp__
 0000:000C  Abs  __AHSHIFT
 0000:0145       __cleanup
 0000:0158       __checknull
 0000:0159       __terminate
 0000:01AE       __restorezero
 0000:026D       _abort
 0000:0284       DGROUP@
 0000:0286 idle  __MMODEL
 0000:0288 idle  _DigPlay
 0000:02A8 idle  _SoundStatus
 0000:02AE idle  _MassageAudio
 0000:02C1 idle  _DigPlay2
 0000:02D4 idle  _DigPlayLoop
 0000:02E7 idle  _AudioCapabilities
 0000:02ED idle  _DigPakIdentityString
 0000:0315 idle  _ReportSample
 0000:031B idle  _SetCallBackAddress
 0000:032D idle  _StopSound
 0000:0333 idle  _SetAudioHardware
 0000:0348 idle  _ReportCallbackAddress
 0000:034E idle  _WaitSound
 0000:0358 idle  _PostAudioPending
 0000:036B idle  _AudioPendingStatus
 0000:0371 idle  _SetStereoPan
 0000:0380 idle  _SetPlayMode
 0000:038F idle  _PendingAddress
 0000:0395 idle  _ReportSemaphoreAddress
 0000:039D idle  _ReportVersionNumber
 0000:03A7 idle  _StopNextLoop
 0000:03AD idle  _SetTimerDivisorRate
 0000:03BC idle  _SetRecordMode
 0000:03CB idle  _SetBackFillMode
 0000:03DA idle  _ReportDMAC
 0000:03E0 idle  _NullSound
 0000:03FB idle  _VerifyDMA
 0000:040F idle  _CheckIn
 0000:0471       _InitDP
 0000:04E2       _DeInitDP
 0000:04F8 idle  _mfopen
 0000:056C idle  _mfclose
 0000:0584 idle  _mfpos
 0000:0596 idle  _mfseek
 0000:05B5 idle  _mfread
 0000:061F idle  _mfwrite
 0000:0689       _fload
 0000:0720       _floadpara
 0000:07D9 idle  _keystat
 0000:07E9 idle  _getkey
 0000:0800 idle  _farcop
 0000:0819 idle  _farcat
 0000:083A idle  _fmalloc
 0000:086E idle  _ffree
 0000:0886 idle  _writeln
 0000:08AF idle  _GetTimerInterruptVector
 0000:08BD idle  _SetTimerInterruptVector
 0000:08EB idle  _mdelete
 0000:0907 idle  _farlen
 0000:0921 idle  _ucase
 0000:0959 idle  _farcompare
 0000:0987 idle  _ifexists
 0000:09AB idle  _tprint
 0000:0A6C idle  _tcolor
 0000:0A9B idle  _TextCursor
 0000:0AB0 idle  _farmov
 0000:0AC8 idle  _AddFar
 0000:0B07 idle  _MakeFP
 0000:0B14 idle  _MakeSeg
 0000:0B1E       _PlaySequence
 0000:0B2D idle  _SegueSequence
 0000:0B3F       _RegisterXmidi
 0000:0B5B       _MidiStop
 0000:0B61 idle  _MidPakClock
 0000:0B67 idle  _MidPakClockAddress
 0000:0B71 idle  _RemapChannel
 0000:0B83 idle  _CheckMidiIn
 0000:0BB9       _DigPakAvailable
 0000:0BBF idle  _ReportCallbackTrigger
 0000:0BC5 idle  _ResetCallbackCounter
 0000:0BCB idle  _MidiSleep
 0000:0BD1 idle  _MidiAwake
 0000:0BD7 idle  _ResumePlaying
 0000:0BDD       _SequenceStatus
 0000:0BE3 idle  _RelativeVolume
 0000:0BE9       _SetRelativeVolume
 0000:0BFB idle  _RegisterXmidiFile
 0000:0C0D idle  _PollMidPak
 0000:0C13 idle  _TriggerCountAddress
 0000:0C19 idle  _EventIDAddress
 0000:0C1F idle  _ReportSequenceNumber
 0000:0C2D       _DeInitMP
 0000:0C43       _InitMP
 0000:0DFC idle  ___fpreset
 0000:0ECD idle  __fpuint
 0000:0ED1       __LDTRUNC
 0000:1000 idle  __AHINCR
 0000:1507       __XCVT
 0000:171A       __fperror
 0000:17EE       __POW10
 0000:18C3       _pow10
 0000:18D5       _matherr
 0000:1906       _sin
 0000:1965       __matherr
 0000:1A25       _cos
 0000:1A84       F_FTOL@
 0000:1A84 idle  FTOL@
 0000:1AB0 idle  _atexit
 0000:1AE4       operator delete(void far*)
 0000:1AFD       __dos_getfileattr
 0000:1B24 idle  __dos_setfileattr
 0000:1B48       __dos_getvect
 0000:1B5E idle  __dos_setvect
 0000:1BEF       _exit
 0000:1C05       __exit
 0000:1C1E idle  __cexit
 0000:1C33 idle  __c_exit
 0000:1C46       _fgetpos
 0000:1C7A       F_SCOPY@
 0000:1C7A idle  SCOPY@
 0000:1C96       _getdate
 0000:1CB0       _gettime
 0000:1CCA       _getvect
 0000:1CE0       _setvect
 0000:1CF8       N_LDIV@
 0000:1CFB idle  LDIV@
 0000:1CFB idle  F_LDIV@
 0000:1CFF idle  N_LUDIV@
 0000:1D02 idle  F_LUDIV@
 0000:1D02 idle  LUDIV@
 0000:1D07       N_LMOD@
 0000:1D0A idle  F_LMOD@
 0000:1D0A idle  LMOD@
 0000:1D0F idle  N_LUMOD@
 0000:1D12 idle  LUMOD@
 0000:1D12 idle  F_LUMOD@
 0000:1DA6       N_LXLSH@
 0000:1DA9 idle  LXLSH@
 0000:1DA9 idle  F_LXLSH@
 0000:1DC7       N_PADD@
 0000:1DCA idle  F_PADD@
 0000:1DCA idle  PADD@
 0000:1DF6 idle  N_PSUB@
 0000:1DF9 idle  F_PSUB@
 0000:1DF9 idle  PSUB@
 0000:1E27       __IOERROR
 0000:1E6D       __DOSERROR
 0000:1E86       _isatty
 0000:1E9E       __LONGTOA
 0000:1F27       __UTOA
 0000:1F4E       _lseek
 0000:1F84       __MKNAME
 0000:1FE8 idle  __TMPNAM
 0000:2048 idle  set_new_handler(void(far*)())
 0000:2079       operator new(unsigned int)
 0000:20C2       operator new(unsigned long)
 0000:2127       N_LXMUL@
 0000:213E       N_PCMP@
 0000:215F       _srand
 0000:2177       _rand
 0000:21A4       __read
 0000:21E0       _setdate
 0000:21FC       _settime
 0000:2218       __setupio
 0000:2317 idle  _stime
 0000:235E       _time
 0000:23BD       _unlink
 0000:23DC       _vector_delete_(void far*,unsigned int,unsigned long,unsigned int,...)
 0000:2660       _vector_new_(void far*,unsigned int,unsigned long,unsigned int,...)
 0000:2917       __VPRINTER
 0000:2DCF       __VPTR
 0000:2E0D       __VRAM
 0000:2E94       __stpcpy
 0000:2ECF       __CPUTN
 0000:3061 idle  _cprintf
 0000:30CD       __VideoInt
 0000:3161 idle  __c0crtinit
 0000:3185 idle  __crtinit
 0000:3272 idle  ___first
 0000:3274 idle  ___last
 0000:3276 idle  ___rover
 0000:33B2       _farfree
 0000:33B2       _free
 0000:34BC       _malloc
 0000:34C6       _farmalloc
 0000:3623 idle  _realloc
 0000:362A idle  _farrealloc
 0000:3753       __brk
 0000:37A5       __sbrk
 0000:3863       _getch
 0000:3892 idle  __Ngetche
 0000:3895 idle  _getche
 0000:38C3 idle  __Nungetch
 0000:38C6 idle  _ungetch
 0000:3904       _gettext
 0000:3961       _puttext
 0000:39BE       _ioctl
 0000:39EE       _kbhit
 0000:3A07       _movetext
 0000:3AAB       _putch
 0000:3AC9       __REALCVT
 0000:3C3A       __SCREENIO
 0000:3C89       __VALIDATEXY
 0000:3D20       __SCROLL
 0000:3EA5       _setblock
 0000:3F32       F_OVERFLOW@
 0000:3F32 idle  N_OVERFLOW@
 0000:3F32 idle  OVERFLOW@
 0000:3F44       __wherexy
 0000:3F55 idle  _wherex
 0000:3F71 idle  _wherey
 0000:3F91       _atol
 0000:4012 idle  _atoi
 0000:402A       __chmod
 0000:404E       _close
 0000:4089       __close
 0000:40B4       _eof
 0000:413D       _fclose
 0000:41FC       _fflush
 0000:42D0       _flushall
 0000:43F2 idle  __OPENFP
 0000:44CA idle  __GETFP
 0000:4523       _fopen
 0000:455F       _fprintf
 0000:467D       _fread
 0000:479B       _fseek
 0000:4822       _ftell
 0000:49D5       __fgetc
 0000:49F1 idle  __Nfgetc
 0000:49F4 idle  _fgetc
 0000:4AE9 idle  _fgetchar
 0000:4AFF       _getenv
 0000:4B7B       _memcpy
 0000:4BA2       _setmem
 0000:4BCD       _memset
 0000:4C2E       _open
 0000:4DBF       __open
 0000:4E1B idle  __fputc
 0000:4E3E idle  _fputc
 0000:4FE0 idle  _fputchar
 0000:4FFE       __FPUTN
 0000:5214       ___read
 0000:5303       _read
 0000:5306       _setvbuf
 0000:5478       _sprintf
 0000:54A1 idle  _vsprintf
 0000:54C9       _strcat
 0000:550D       _strcpy
 0000:553B       _strlen
 0000:5561       _strncpy
 0000:5597       _dostounix
 0000:56D8       _unixtodos
 0000:58F0       _tzset
 0000:5B10       __ISDST
 0000:5BF6       ___write
 0000:5D66       __write
 0000:5DB5       _write
 0000:5DB8       __xfclose
 0000:5E00       __xfflush
 0000:5E41       __fmemcpy
 0000:5E68       __fstrcmp
 0000:5E9B       filebuf::close()
 0000:5F49       filebuf::filebuf()
 0000:6061       filebuf::~filebuf()
 0000:6103       filebuf::overflow(int)
 0000:625D       filebuf::open(const char far*,int,int)
 0000:63C5       filebuf::setbuf(char far*,int)
 0000:6488       filebuf::seekoff(long,seek_dir,int)
 0000:6644       filebuf::sync()
 0000:67E5       filebuf::underflow()
 0000:69A3       fstreambase::close()
 0000:69E8       fstreambase::fstreambase()
 0000:6A97       fstreambase::fstreambase(const char far*,int,int)
 0000:6B63       fstreambase::~fstreambase()
 0000:6BF1       fstreambase::open(const char far*,int,int)
 0000:6C5E       ifstream::ifstream()
 0000:6D31       ifstream::ifstream(const char far*,int,int)
 0000:6DF3 idle  ifstream::ifstream(const unsigned char far*,int,int)
 0000:6ED9       ifstream::~ifstream()
 0000:6F93       istream::istream()
 0000:7021       istream::ipfx(int)
 0000:70E3       istream::~istream()
 0000:715B       istream::eatwhite()
 0000:7238       istream::getline(char far*,int,char)
 0000:7378       istream::read(char far*,int)
 0000:748B       istream::seekg(long,seek_dir)
 0000:74EB       istream::seekg(long)
 0000:7548       istream::tellg()
 0000:75BB       ofstream::ofstream()
 0000:768E       ofstream::~ofstream()
 0000:7748       ostream::ostream()
 0000:77CD       ostream::~ostream()
 0000:7852       ostream::flush()
 0000:7897       ostream::write(const char far*,int)
 0000:78EA       streambuf::doallocate()
 0000:793B       streambuf::streambuf()
 0000:7A0F       streambuf::do_sgetn(char far*,int)
 0000:7AC6       streambuf::do_sputn(const char far*,int)
 0000:7B6F       streambuf::~streambuf()
 0000:7BEB       streambuf::overflow(int)
 0000:7BFA       streambuf::pbackfail(int)
 0000:7C09       streambuf::setbuf(char far*,int)
 0000:7C3C       streambuf::setb(char far*,char far*,int)
 0000:7CF2       streambuf::setg(char far*,char far*,char far*)
 0000:7D63       streambuf::setp(char far*,char far*)
 0000:7DB6       streambuf::seekoff(long,seek_dir,int)
 0000:7DC8       streambuf::seekpos(long,int)
 0000:7DF3       streambuf::sputn(const char far*,int)
 0000:7E70       streambuf::sync()
 0000:7EC3       streambuf::underflow()
 0000:7EFD       ios::clear(int)
 0000:7F3E       ios::ios()
 0000:7F8A       ios::~ios()
 0000:7FE1       ios::init(streambuf far*)
 0000:803C       ios::setstate(int)
 0000:8087  Abs  __turboFloat
 0000:8087 idle  __floatconvert
 0806:0009       TetrisStart()
 0806:0609       KEYBOARD::operator [](char)
 0869:0005 idle  SetColorRegister(char,char,char,char)
 0869:0040 idle  page(int,char)
 0869:005F idle  putpixel(int,int,char,char,char)
 0869:007C idle  putpixel(int,int,char)
 0869:00CE idle  fatal_(char far*)
 0869:00EB       LoadBMP320x200x256(char far*)
 0869:03CD       DrawBMP(int,int)
 0869:043D       ios::operator !()
 0869:046A       istream::read(unsigned char far*,int)
 0869:04A0       ios::fail()
 08B5:0009       FontEditor(char far*)
 08F1:0002       TETRIS::Settings1()
 08F1:01BE       TETRIS::Settings2()
 08F1:04DA       TETRIS::Load(char far*)
 08F1:0660       TETRIS::Save(char far*)
 08F1:0707       ifstream::open(const char far*,int,int)
 08F1:0742       ofstream::open(const char far*,int,int)
 0968:000D       FIGURE::FIGURE()
 0968:007E       FIGURE::Show()
 0968:00B0       FIGURE::RandomSym(char far*)
 0968:0154       FIGURE::Show(int,int)
 0968:02A4       FIGURE::Show(int)
 0968:0371       FIGURE::Check()
 09B3:0007 idle  Pixel(int,int,int)
 09B3:003B idle  setpixel(int,int,unsigned char)
 09B3:0096 idle  graph_draw_digit(int,int,int)
 09B3:011E idle  graph_draw_symbol(int,int,char,int)
 09B3:013B idle  graph_draw_text(int,int,char far*,int)
 09B3:0196 idle  graph_draw_image(int,int,int,int,char far*)
 09B3:0212       graph_draw_symbol(int,int,char)
 09B3:02A1       graph_draw_num(int,int,int)
 09B3:0306 idle  graph_horz_line(int,int,int)
 09B3:034C idle  graph_vert_line(int,int,int)
 09EC:0002       GLASS::GLASS()
 09EC:0081 idle  GLASS::ShowBackground(int)
 09EC:00C7       GLASS::~GLASS()
 09EC:0122       GLASS::Clear()
 09EC:017A       GLASS::Make(unsigned int,unsigned int)
 09EC:020B       GLASS::Read(int,int)
 09EC:0275       GLASS::Show()
 09EC:0393 idle  GLASS::ShowBorder()
 09EC:044B       GLASS::Write(int,int,BOX)
 09EC:04A8       GLASS::Load(char far*)
 09EC:05B3       GLASS::Save(char far*)
 0A54:0001       SETTINGS::SETTINGS()
 0A54:003F       SETTINGS::~SETTINGS()
 0A54:007C       SETTINGS::Save()
 0A54:0100       SETTINGS::Load()
 0A76:0003       RECTABLE::Show(int)
 0A76:028D       RECTABLE::Load()
 0A76:045D       RECTABLE::Save()
 0A76:04FA       RECTABLE::RECTABLE()
 0A76:0539       RECTABLE::~RECTABLE()
 0A76:0576       RECTABLE::GetMaxScore()
 0A76:05A2       RECTABLE::PutNewRecordNameColor(char far*,unsigned long,char)
 0A76:069E       RECTABLE::PutNewRecord(char far*,unsigned long,unsigned long,unsigned int)
 0A76:088A       random(int)
 0A76:08C6       SCREEN::setbkcolor(char)
 0B04:000C idle  KEYBOARD::Check(unsigned char)
 0B04:003A idle  KEYBOARD::AnyKey()
 0B04:0085       KEYBOARD::ReadScan(unsigned long)
 0B04:012A       KEYBOARD::Clear()
 0B04:015C idle  KEYBOARD::KEYBOARD()
 0B04:022A idle  KEYBOARD::~KEYBOARD()
 0B04:027B idle  KEYBOARD::int09h_new()
 0B04:0495       KEYBOARD::Set(char,char)
 0B04:04C5       KEYBOARD::SetInputMode(int)
 0B04:04FC       KEYBOARD::SuperInput()
 0B04:0528       KEYBOARD::StandartInput()
 0B5E:0006       SCREEN::DecrementPalette()
 0B5E:008B       SCREEN::FontSave()
 0B5E:0106       SCREEN::SCREEN()
 0B5E:027C       SCREEN::~SCREEN()
 0B5E:0319 idle  SCREEN::bitblt_part(int,int,int,int,int,int,int,int,char far*,char)
 0B5E:0508       SCREEN::bitblt(int,int,int,int,char far*,char)
 0B5E:08A5       SCREEN::bitblt(int,int,int,int,char far*)
 0B5E:093B       SCREEN::bitbltTP(int,int,int,int,char far*)
 0B5E:09D1       SCREEN::border(int,int,int,int,int)
 0B5E:0A60 idle  SCREEN::Center(int,char far*)
 0B5E:0AB7       SCREEN::clear(int)
 0B5E:0AF9       SCREEN::GetColorRegister(unsigned char,char far&,char far&,char far&)
 0B5E:0B48 idle  SCREEN::graphmode()
 0B5E:0BEC       SCREEN::InputNumber(unsigned int)
 0B5E:0C8F       SCREEN::InputString(int,char far*,int)
 0B5E:0EAA       SCREEN::locate(int,int)
 0B5E:0EE1       SCREEN::locateXY(int,int)
 0B5E:0F12       SCREEN::line(int,int,int,int,char)
 0B5E:1055 idle  SCREEN::line_down(int,int,int,char)
 0B5E:109E       SCREEN::line_right(int,int,int,char)
 0B5E:10E7       SCREEN::operator <<(char far*)
 0B5E:1120 idle  SCREEN::operator <<(unsigned long)
 0B5E:1157 idle  SCREEN::operator <<(double)
 0B5E:11AE       SCREEN::operator <<(unsigned int)
 0B5E:11E8       SCREEN::operator <<(int)
 0B5E:1222       SCREEN::operator <<(char)
 0B5E:1259 idle  SCREEN::pause(int)
 0B5E:1290       SCREEN::putBigSym(unsigned char,char,char)
 0B5E:138C idle  SCREEN::putBigText(char far*,char)
 0B5E:13D7 idle  SCREEN::putBigText(char far*,char,char)
 0B5E:1424 idle  SCREEN::putBigText(char far*,char,char,char)
 0B5E:147F       SCREEN::putpixel(int,int,int)
 0B5E:14DC idle  SCREEN::putSymbol(int,int,unsigned char)
 0B5E:15A6       SCREEN::putSymbol(unsigned char)
 0B5E:15F0       SCREEN::putText(char far*)
 0B5E:1653       SCREEN::putNumb(unsigned long)
 0B5E:16C9       SCREEN::putNumb(unsigned long,char)
 0B5E:1749 idle  SCREEN::putBigNumb(long)
 0B5E:17C0 idle  SCREEN::putBigNumb(long,char)
 0B5E:1848 idle  SCREEN::rectangle(RECT far&,int)
 0B5E:18A2       SCREEN::rectangle(int,int,int,int,int)
 0B5E:19D6 idle  SCREEN::Set320x240Mode()
 0B5E:1A65       SCREEN::SetColorRegister(unsigned char,char,char,char)
 0B5E:1A98       SCREEN::textmode()
 0B5E:1ABA idle  SCREEN::update(RECT)
 0B5E:1B6E       SCREEN::update()
 0B5E:1BD4       SCREEN::wait()
 0B5E:1C1D idle  _setlocate(SCREEN far&,int)
 0B5E:1C63 idle  _setcolor(SCREEN far&,int)
 0B5E:1C92 idle  setcolor(int)
 0B5E:1CC8       cur(int,int)
 0B5E:1D04 idle  FONT::FONT(int)
 0B5E:1E62 idle  FONT::~FONT()
 0B5E:1EB1 idle  FONT::Show(int,int,int,char)
 0B5E:1FFC       ostream::write(const unsigned char far*,int)
 0B5E:2032       TIMER::GetTotalCounter()
 0B5E:205D       abs(int)
 0B5E:2084       SCREEN::setcolor(char)
 0B5E:20AB       RECT::RECT(int,int,int,int)
 0B5E:2110       RECT::RECT()
 0B5E:214E       MANIPMY::MANIPMY(SCREEN far&(far*)(SCREEN far&,int),int)
 0D78:0001       MsgTextMinMaxValue(char far*,int,int,int,int)
 0D78:0273       MsgText(char far*,char far*,char far*,int,int)
 0D78:0512       Msg(char far*,int)
 0D78:064C       fatal(char far*)
 0D78:06B6       Debug(char far*)
 0DE8:0000 idle  MOUSE::Draw()
 0DE8:0065       MOUSE::MOUSE(SCREEN far*)
 0DE8:00DC       MOUSE::~MOUSE()
 0DE8:0119 idle  MOUSE::Read()
 0DE8:0164 idle  MOUSE::set_horz_movement(int,int)
 0DE8:0199 idle  MOUSE::set_vert_movement(int,int)
 0DE8:01CE idle  MOUSE::Set()
 0E08:000B idle  int08h_new1()
 0E08:003A idle  TIMER::TIMER(float)
 0E08:00BF       TIMER::Restart(float)
 0E08:015E       GetRealTimeClock(unsigned char far&,unsigned char far&,unsigned char far&)
 0E08:01F7 idle  TIMER::~TIMER()
 0E45:0008 idle  MOVEOBJ::MOVEOBJ()
 0E45:009C       MOVEOBJ::MOVEOBJ(SPRITE far*)
 0E45:013D       MOVEOBJ::~MOVEOBJ()
 0E45:01C6 idle  MOVEOBJ::Show()
 0E45:0252 idle  MOVEOBJ::ShowAll()
 0E45:02A8 idle  MOVEOBJ::Animate()
 0E45:0443 idle  MOVETXT::Animate()
 0E45:05A8 idle  MOVEOBJ::DelAll()
 0E45:0629       MOVEOBJ::Del(MOVEOBJ far*)
 0E45:0779       MOVEOBJ::New(MOVEOBJ far*,int)
 0E45:0870 idle  MOVEOBJ::RenewRect()
 0E45:0907       MOVEOBJ::RenewXY()
 0E45:09A4 idle  MOVEOBJ::Set(float,float,float,float,float,float)
 0E45:0A21 idle  MOVEOBJ::operator [](int)
 0E45:0AD2 idle  MOVEOBJ::operator +=(MOVEOBJ far&)
 0E45:0B1C       ANIM::ANIM()
 0E45:0BA8       ANIM::RenewFrame()
 0E45:0CC8       ANIM::Animate()
 0E45:0DEA idle  MINDOBJ::operator +=(MINDOBJ far&)
 0E45:0E13 idle  MINDOBJ::Add(MINDOBJ far&,int,MINDOBJ::GOING far*,MINDOBJ::FRAMING far*,...
 0E45:0FD8 idle  MINDOBJ::MINDOBJ()
 0E45:103C idle  MINDOBJ::~MINDOBJ()
 0E45:1111 idle  MINDOBJ::RenewFrame()
 0E45:11C3 idle  MINDOBJ::RenewXY()
 0E45:13A4 idle  MINDOBJ::Del(MOVEOBJ far*)
 0E45:13FA idle  MINDOBJ::Show()
 0E45:14D1 idle  MOVETXT::Show()
 0E45:157B       ANIM::Show()
 0E45:16D2       MOVEOBJ::Del(int)
 0E45:1714       ANIM::operator [](int)
 0E45:1744       MINDOBJ::operator [](int)
 0E45:1774       mindobj::
 0E45:178C       MOVEOBJ::Destroy(int)
 0E45:17A9       ANIM::RenewTimeLive()
 0E45:17F0       anim::
 0E45:1808       moveobj::
 0E45:1820       MOVEOBJ::RenewFrame()
 0E45:183D       MOVEOBJ::RenewTimeLive()
 0FCA:000F idle  swap(int far&,int far&)
 0FCA:004B idle  DetermineSystem(int,int,int,int,int far&,int far&)
 0FCA:012C idle  DetermineSystem(int,int,int,int)
 0FCA:01EF       DetermineSystem(RECT far&,RECT far&,RECT far&)
 0FCA:0287 idle  CheckUnionRects(RECT far&,RECT far&)
 100A:000E       SOUND::SOUND()
 100A:0104 idle  SOUND::soundStatus()
 100A:014A idle  SOUND::SndPlay(SNDSTRUCT far&)
 100A:01AF       SOUND::play(int,int)
 100A:0269 idle  SOUND::stop()
 100A:02A9       SOUND::load(char far*,int)
 100A:04AD idle  SOUND::unload(int)
 100A:050F       SOUND::~SOUND()
 1062:000D idle  SPRITE::Create(SPRITE::IMAGE far&)
 1062:00FA       SPRITE::SPRITE(SCREEN far*,int)
 1062:01C8       SPRITE::~SPRITE()
 1062:027D idle  SPRITE::find(int)
 1062:02C8 idle  SPRITE::find_free()
 1062:0321       SPRITE::GetImage(int)
 1062:0377 idle  SPRITE::Load(char far*,unsigned long,SPRITE::IMAGE)
 1062:04C5       SPRITE::LoadSpriteform(char far*,SPRITE::IMAGE far&)
 1062:0621       SPRITE::ModifyColor(int,char)
 1062:06AB       SPRITE::Scroll(int,int,int)
 1062:080B idle  SPRITE::ShowDirect(int,int,int,int)
 1062:08B7       SPRITE::Show(int,int,int,int)
 1062:0931 idle  SPRITE::Delete(int)
 1062:09ED       SPRITE::IMAGE::Write(int,int,unsigned char)
 1062:0A56       SPRITE::IMAGE::Read(int,int)
 110E:0000       _LoadDigPak
 110E:005A       _InitDigPak
 110E:0090       _DeInitDigPak
 110E:00CD       _UnLoadDigPak
 110E:0124       _LoadMidPak
 110E:0201       _InitMidPak
 110E:025A       _DeInitMidPak
 110E:029C       _UnLoadMidPak
 113F:000B       _memalloc
 113F:0043       _memfree
 1145:000E       load_sprites()
 1145:0540       DrawRunLine(int)
 1145:0DAB       TETRIS::menu()
 1145:11FA       randomize()
 1145:122A       operator <<(SCREEN far&,MANIPMY far&)
 126B:0005       TETRIS::NewFigureGenerate()
 126B:0235       TETRIS::NextFigureShow()
 126B:04DA       TETRIS::TETRIS()
 126B:0697 idle  TETRIS::GenerateFigureColor()
 126B:06E6       generate_picture()
 12F3:0005       TetrisHelp()
 12FC:0001 idle  load_sounds()
 12FC:0044 idle  redefine_keys()
 12FC:03C7 idle  TETRIS::~TETRIS()
 12FC:0428 idle  TETRIS::game()
 12FC:16C2       music(int,int)
 12FC:1724 idle  load_music()
 12FC:178F idle  ProgrammEditor()
 12FC:197C       _main
 12FC:24FA       MOVEFIGURE::MOVEFIGURE(SPRITE far*)
 12FC:256C       MOVEOBJ::MakeSupervisor(SPRITE far*)
 12FC:259E       ANIM::operator +=(ANIM far&)
 12FC:25D1       ios::eof()
 12FC:25FA       istream::getline(unsigned char far*,int,char)
 12FC:2634       RECT::Set(int,int,int,int)
 12FC:2678       ANIM::ANIM(SPRITE far*)
 12FC:26D8       movefigure::
 12FC:26F4       MOVEFIGURE::Show()
 12FC:273F       MOVEFIGURE::~MOVEFIGURE()
 1576:0306       e087_Entry
 1576:03C6       e087_Shortcut
 1576:0430       e087_Trap
 15D3:0000       _need_wait
 15D3:0002 idle  _Kadr
 15D3:0004 idle  _Kadr_Sec
 15D3:0006       _show_debug
 15D3:0008       _music_loop
 15F1:0002 idle  _ArrayScanLine
 25C2:0000       _SpriteFigure
 25C2:0010       _SpriteBox
 25C4:0000 idle  _digits
 25C4:0028 idle  _symbol_dvoe
 25C4:003D idle  _symbol_point
 25C4:0052 idle  _symbol_minus
 25C4:0067 idle  _scalex_text
 25C4:0069 idle  _scaley_text
 25E6:0000       _Keyb
 261D:0000 idle  KEYBOARD::CountObject
 261D:0002 idle  KEYBOARD::This
 261E:0000       keyboard::key
 263A:0000       _scr
 263A:0008 idle  _Font
 263A:000D       _Font8x8
 263A:080D idle  _Screen
 263A:0815       _BigSymScale
 263A:0817 idle  _CRTCParms
 263A:082B       _wait_flag1
 263A:082F       _wait_flag2
 263A:0833 idle  _manip
 26D4:0000 idle  SCREEN::CountObjects
 26D4:0002 idle  SCREEN::DoubleBuffer
 26D4:0006 idle  SCREEN::constructor_run
 26D4:0007 idle  SCREEN::VideoMemory
 26DB:0006       _Timer
 26DB:000E idle  _int08h_old
 26E5:0000 idle  TIMER::CountObjects
 26E5:0002 idle  timer::max_freq
 26E5:0006 idle  timer::min_freq
 2725:0000 idle  MOVEOBJ::SupervisorCounter
 2725:0002 idle  MOVEOBJ::WindowX
 2725:0004 idle  MOVEOBJ::WindowY
 2725:0006 idle  moveobj::speed_unit
 2725:000A idle  MOVEOBJ::TotalAnimatedObject
 2725:000C       MOVEOBJ::Lim
 2745:0000 idle  SOUND::CountObject
 2779:0000 idle  SPRITE::CountObject
 277B:0000       _RunLX
 277B:0004       _StepRunLX
 277B:0006 idle  _str_find
 27BF:0006 idle  _NextFigureList
 27E8:0004       _Settings
 27E8:0017 idle  _MaxScore
 27E8:001B idle  _BaseSpeed
 27E8:001F idle  _BaseAccelerat
 27E8:0023       _CURRENT_MUSIC
 27E8:0025       _Rectable
 27E8:0232 idle  _KeyDownPress
 27E8:0234       _Tetris
 27E8:0412 idle  _Mouse
 27E8:0423       _Sound
 27E8:058E       _Sprite
 27E8:059E       _Background
 27E8:05AE idle  _Movefig
 27E8:063A idle  _song
 27E8:0662 idle  _song_len
 2873:0006 idle  __huge_flt
 2873:000A       __huge_dble
 2873:0012 idle  __huge_ldble
 2873:001C idle  __indefinite
 2873:0020 idle  __tiny_ldble
 2875:000A       __mathwhy
 2890:0000       filebuf::openprot
 2891:0000 idle  ios::basefield
 2891:0004 idle  ios::adjustfield
 2891:0008 idle  ios::floatfield
 2891:000C idle  ios::nextbit
 2891:0010 idle  ios::usercount
 2891:0012 idle  ios::stdioflush
 2893:0000 idle  DATASEG@
 2893:005B idle  __Int0Vector
 2893:005F idle  __Int4Vector
 2893:0063 idle  __Int5Vector
 2893:0067 idle  __Int6Vector
 2893:006B idle  __C0argc
 2893:006D idle  __C0argv
 2893:0071       __C0environ
 2893:0075       __envLng
 2893:0077       __envseg
 2893:0079       __envSize
 2893:007B       __psp
 2893:007D idle  __osversion
 2893:007D idle  __osmajor
 2893:007D       __version
 2893:007E idle  __osminor
 2893:007F       _errno
 2893:0081 idle  __StartTime
 2893:0085       __heapbase
 2893:0089       __brklvl
 2893:008D       __heaptop
 2893:00A0       __8087
 2893:00B0       __protected
 2893:00B1       __LDT
 2893:00B4       __default87
 2893:00B6       __atexitcnt
 2893:00B8       __atexittbl
 2893:0138       __ctype
 2893:023A       __exitbuf
 2893:023E       __exitfopen
 2893:0242 idle  __exitopen
 2893:0246       __streams
 2893:03D6       __nfile
 2893:03D8       __openfd
 2893:0400       __fmode
 2893:0402       __notUmask
 2893:0404       __fpstklen
 2893:0406       __doserrno
 2893:0408 idle  __dosErrorToSV
 2893:0478       __new_handler
 2893:0480       ___SignalPtr
 2893:0484       __stklen
 2893:04EE       __wscroll
 2893:04F0       __video
 2893:04FF       _directvideo
 2893:053C       __cFlag
 2893:053D       __cChar
 2893:053E       _environ
 2893:0556 idle  __monthDay
 2893:0570 idle  _tzname
 2893:0578       _timezone
 2893:057C       _daylight
 2893:0592       __RealCvtVector
 2893:0596 idle  __ScanTodVector
 28F4:0000       __emu

Program entry point at 0000:0000

